INFO: mock.py version 5.5 starting (python version = 3.9.21, NVR = mock-5.5-1.el9), args: /usr/libexec/mock/mock -r epel-9-x86_64 --enable-network --addrepo /opt/greenbone-rpm/rpmbuilds/1.0.0/RPMS/ --resultdir /opt/greenbone-rpm/rpmbuilds/1.0.0/RPMS-TMP/ --no-clean /opt/greenbone-rpm/rpmbuilds/1.0.0/SRPMS/python-fastjsonschema-2.21.1-1.el9.src.rpm --rpmbuild-opts=--nocheck --no-cleanup-after
Start(bootstrap): init plugins
INFO: selinux enabled
Finish(bootstrap): init plugins
Start: init plugins
INFO: selinux enabled
Finish: init plugins
INFO: Signal handler active
Start: run
INFO: Start(/opt/greenbone-rpm/rpmbuilds/1.0.0/SRPMS/python-fastjsonschema-2.21.1-1.el9.src.rpm)  Config(rhel+epel-9-x86_64)
Mock Version: 5.5
INFO: Mock Version: 5.5
Start(bootstrap): chroot init
INFO: calling preinit hooks
INFO: enabled root cache
INFO: enabled package manager cache
Start(bootstrap): cleaning package manager metadata
Finish(bootstrap): cleaning package manager metadata
INFO: Package manager dnf detected and used (fallback)
Finish(bootstrap): chroot init
Start: chroot init
INFO: calling preinit hooks
INFO: enabled root cache
INFO: enabled package manager cache
Start: cleaning package manager metadata
Finish: cleaning package manager metadata
INFO: enabled HW Info plugin
INFO: Package manager dnf detected and used (direct choice)
INFO: Buildroot is handled by package management downloaded with a bootstrap image:
  rpm-4.16.1.3-37.el9.x86_64
  python3-dnf-4.14.0-25.el9.noarch
  python3-dnf-plugins-core-4.3.0-20.el9.noarch
  yum-4.14.0-25.el9.noarch
Finish: chroot init
Start: build phase for python-fastjsonschema-2.21.1-1.el9.src.rpm
Start: build setup for python-fastjsonschema-2.21.1-1.el9.src.rpm
Building target platforms: x86_64
Building for target x86_64
setting SOURCE_DATE_EPOCH=1750291200
Wrote: /builddir/build/SRPMS/python-fastjsonschema-2.21.1-1.el9.src.rpm
No matches found for the following disable plugin patterns: local, spacewalk, versionlock
Updating Subscription Management repositories.
Unable to read consumer identity

This system is not registered with an entitlement server. You can use subscription-manager to register.

/opt/greenbone-rpm/rpmbuilds/1.0.0/RPMS/                                                     [===                                                                                    ] ---  B/s |   0  B     --:-- ETA/opt/greenbone-rpm/rpmbuilds/1.0.0/RPMS/                                                                                                                                               2.9 MB/s | 3.0 kB     00:00    
/opt/greenbone-rpm/rpmbuilds/1.0.0/RPMS/                                                     [===                                                                                    ] ---  B/s |   0  B     --:-- ETA/opt/greenbone-rpm/rpmbuilds/1.0.0/RPMS/                                                                                                                                               2.4 MB/s |  15 kB     00:00    
Red Hat Enterprise Linux - BaseOS                                                            [   ===                                                                                 ] ---  B/s |   0  B     --:-- ETARed Hat Enterprise Linux - BaseOS                                                                                                                                                       20 kB/s | 4.1 kB     00:00    
Red Hat Enterprise Linux - AppStream                                                         [      ===                                                                              ] ---  B/s |   0  B     --:-- ETARed Hat Enterprise Linux - AppStream                                                                                                                                                    24 kB/s | 4.5 kB     00:00    
Red Hat Enterprise Linux - CodeReady Linux Builder                                           [         ===                                                                           ] ---  B/s |   0  B     --:-- ETARed Hat Enterprise Linux - CodeReady Linux Builder                                                                                                                                      25 kB/s | 4.5 kB     00:00    
Extra Packages for Enterprise Linux 9 - x86_64                                               [            ===                                                                        ] ---  B/s |   0  B     --:-- ETAExtra Packages for Enterprise Linux 9 - x86_64                                               [               ===                                                                     ] ---  B/s |   0  B     --:-- ETAExtra Packages for Enterprise Linux 9 - x86_64                                                                                                                                          64 kB/s |  42 kB     00:00    
Package python3.11-devel-3.11.11-2.el9.x86_64 is already installed.
Dependencies resolved.
Nothing to do.
Complete!
Finish: build setup for python-fastjsonschema-2.21.1-1.el9.src.rpm
Start: Outputting list of installed packages
Finish: Outputting list of installed packages
Start: rpmbuild python-fastjsonschema-2.21.1-1.el9.src.rpm
Building target platforms: x86_64
Building for target x86_64
setting SOURCE_DATE_EPOCH=1750291200
Executing(%prep): /bin/sh -e /var/tmp/rpm-tmp.QNPNXm
+ umask 022
+ cd /builddir/build/BUILD
+ cd /builddir/build/BUILD
+ rm -rf fastjsonschema-2.21.1
+ /usr/bin/gzip -dc /builddir/build/SOURCES/fastjsonschema-2.21.1.tar.gz
+ /usr/bin/tar -xof -
+ STATUS=0
+ '[' 0 -ne 0 ']'
+ cd fastjsonschema-2.21.1
+ /usr/bin/chmod -Rf a+rX,u+w,g-w,o-w .
+ RPM_EC=0
++ jobs -p
+ exit 0
Executing(%generate_buildrequires): /bin/sh -e /var/tmp/rpm-tmp.MfL81H
+ umask 022
+ cd /builddir/build/BUILD
+ cd fastjsonschema-2.21.1
+ echo pyproject-rpm-macros
+ echo python3.11-devel
+ echo 'python3.11dist(packaging)'
+ echo 'python3.11dist(pip) >= 19'
+ '[' -f pyproject.toml ']'
+ '[' -f setup.py ']'
+ echo 'python3.11dist(setuptools) >= 40.8'
+ rm -rfv '*.dist-info/'
+ '[' -f /usr/bin/python3.11 ']'
+ mkdir -p /builddir/build/BUILD/fastjsonschema-2.21.1/.pyproject-builddir-3.11
+ echo -n
+ CFLAGS='-O2 -flto=auto -ffat-lto-objects -fexceptions -g -grecord-gcc-switches -pipe -Wall -Werror=format-security -Wp,-D_FORTIFY_SOURCE=2 -Wp,-D_GLIBCXX_ASSERTIONS -specs=/usr/lib/rpm/redhat/redhat-hardened-cc1 -fstack-protector-strong -specs=/usr/lib/rpm/redhat/redhat-annobin-cc1  -m64 -march=x86-64-v2 -mtune=generic -fasynchronous-unwind-tables -fstack-clash-protection -fcf-protection'
+ CXXFLAGS='-O2 -flto=auto -ffat-lto-objects -fexceptions -g -grecord-gcc-switches -pipe -Wall -Werror=format-security -Wp,-D_FORTIFY_SOURCE=2 -Wp,-D_GLIBCXX_ASSERTIONS -specs=/usr/lib/rpm/redhat/redhat-hardened-cc1 -fstack-protector-strong -specs=/usr/lib/rpm/redhat/redhat-annobin-cc1  -m64 -march=x86-64-v2 -mtune=generic -fasynchronous-unwind-tables -fstack-clash-protection -fcf-protection'
+ FFLAGS='-O2 -flto=auto -ffat-lto-objects -fexceptions -g -grecord-gcc-switches -pipe -Wall -Werror=format-security -Wp,-D_FORTIFY_SOURCE=2 -Wp,-D_GLIBCXX_ASSERTIONS -specs=/usr/lib/rpm/redhat/redhat-hardened-cc1 -fstack-protector-strong -specs=/usr/lib/rpm/redhat/redhat-annobin-cc1  -m64 -march=x86-64-v2 -mtune=generic -fasynchronous-unwind-tables -fstack-clash-protection -fcf-protection -I/usr/lib64/gfortran/modules'
+ FCFLAGS='-O2 -flto=auto -ffat-lto-objects -fexceptions -g -grecord-gcc-switches -pipe -Wall -Werror=format-security -Wp,-D_FORTIFY_SOURCE=2 -Wp,-D_GLIBCXX_ASSERTIONS -specs=/usr/lib/rpm/redhat/redhat-hardened-cc1 -fstack-protector-strong -specs=/usr/lib/rpm/redhat/redhat-annobin-cc1  -m64 -march=x86-64-v2 -mtune=generic -fasynchronous-unwind-tables -fstack-clash-protection -fcf-protection -I/usr/lib64/gfortran/modules'
+ LDFLAGS='-Wl,-z,relro -Wl,--as-needed  -Wl,-z,now -specs=/usr/lib/rpm/redhat/redhat-hardened-ld -specs=/usr/lib/rpm/redhat/redhat-annobin-cc1 '
+ LT_SYS_LIBRARY_PATH=/usr/lib64:
+ CC=gcc
+ CXX=g++
+ TMPDIR=/builddir/build/BUILD/fastjsonschema-2.21.1/.pyproject-builddir-3.11
+ RPM_TOXENV=py311
+ HOSTNAME=rpmbuild
+ /usr/bin/python3.11 -Bs /usr/lib/rpm/redhat/pyproject_buildrequires.py --generate-extras --python3_pkgversion 3.11 --wheeldir /builddir/build/BUILD/fastjsonschema-2.21.1/pyproject-wheeldir-3.11 --output /builddir/build/BUILD/python-fastjsonschema-2.21.1-1.el9.x86_64-3.11-pyproject-buildrequires
Handling setuptools >= 40.8 from default build backend
Requirement satisfied: setuptools >= 40.8
   (installed: setuptools 80.9.0)
/usr/lib/python3.11/site-packages/setuptools/dist.py:759: SetuptoolsDeprecationWarning: License classifiers are deprecated.
!!

        ********************************************************************************
        Please consider removing the following classifiers in favor of a SPDX license expression:

        License :: OSI Approved :: BSD License

        See https://packaging.python.org/en/latest/guides/writing-pyproject-toml/#license for details.
        ********************************************************************************

!!
  self._finalize_license_expression()
running egg_info
writing fastjsonschema.egg-info/PKG-INFO
writing dependency_links to fastjsonschema.egg-info/dependency_links.txt
writing requirements to fastjsonschema.egg-info/requires.txt
writing top-level names to fastjsonschema.egg-info/top_level.txt
reading manifest file 'fastjsonschema.egg-info/SOURCES.txt'
reading manifest template 'MANIFEST.in'
warning: no previously-included files matching '*.pyc' found anywhere in distribution
adding license file 'LICENSE'
adding license file 'AUTHORS'
writing manifest file 'fastjsonschema.egg-info/SOURCES.txt'
running dist_info
writing fastjsonschema.egg-info/PKG-INFO
writing dependency_links to fastjsonschema.egg-info/dependency_links.txt
writing requirements to fastjsonschema.egg-info/requires.txt
writing top-level names to fastjsonschema.egg-info/top_level.txt
reading manifest file 'fastjsonschema.egg-info/SOURCES.txt'
reading manifest template 'MANIFEST.in'
warning: no previously-included files matching '*.pyc' found anywhere in distribution
adding license file 'LICENSE'
adding license file 'AUTHORS'
writing manifest file 'fastjsonschema.egg-info/SOURCES.txt'
creating '/builddir/build/BUILD/fastjsonschema-2.21.1/fastjsonschema-2.21.1.dist-info'
Handling colorama; extra == "devel" from hook generated metadata: Requires-Dist (fastjsonschema)
Ignoring alien requirement: colorama; extra == "devel"
Handling jsonschema; extra == "devel" from hook generated metadata: Requires-Dist (fastjsonschema)
Ignoring alien requirement: jsonschema; extra == "devel"
Handling json-spec; extra == "devel" from hook generated metadata: Requires-Dist (fastjsonschema)
Ignoring alien requirement: json-spec; extra == "devel"
Handling pylint; extra == "devel" from hook generated metadata: Requires-Dist (fastjsonschema)
Ignoring alien requirement: pylint; extra == "devel"
Handling pytest; extra == "devel" from hook generated metadata: Requires-Dist (fastjsonschema)
Ignoring alien requirement: pytest; extra == "devel"
Handling pytest-benchmark; extra == "devel" from hook generated metadata: Requires-Dist (fastjsonschema)
Ignoring alien requirement: pytest-benchmark; extra == "devel"
Handling pytest-cache; extra == "devel" from hook generated metadata: Requires-Dist (fastjsonschema)
Ignoring alien requirement: pytest-cache; extra == "devel"
Handling validictory; extra == "devel" from hook generated metadata: Requires-Dist (fastjsonschema)
Ignoring alien requirement: validictory; extra == "devel"
+ cat /builddir/build/BUILD/python-fastjsonschema-2.21.1-1.el9.x86_64-3.11-pyproject-buildrequires
+ rm -rfv fastjsonschema-2.21.1.dist-info/
removed 'fastjsonschema-2.21.1.dist-info/top_level.txt'
removed 'fastjsonschema-2.21.1.dist-info/METADATA'
removed 'fastjsonschema-2.21.1.dist-info/licenses/LICENSE'
removed 'fastjsonschema-2.21.1.dist-info/licenses/AUTHORS'
removed directory 'fastjsonschema-2.21.1.dist-info/licenses'
removed directory 'fastjsonschema-2.21.1.dist-info/'
+ RPM_EC=0
++ jobs -p
+ exit 0
Wrote: /builddir/build/SRPMS/python-fastjsonschema-2.21.1-1.el9.buildreqs.nosrc.rpm
INFO: Going to install missing dynamic buildrequires
No matches found for the following disable plugin patterns: local, spacewalk, versionlock
Updating Subscription Management repositories.
Unable to read consumer identity

This system is not registered with an entitlement server. You can use subscription-manager to register.

/opt/greenbone-rpm/rpmbuilds/1.0.0/RPMS/                                                     [===                                                                                    ] ---  B/s |   0  B     --:-- ETA/opt/greenbone-rpm/rpmbuilds/1.0.0/RPMS/                                                                                                                                               2.9 MB/s | 3.0 kB     00:00    
Red Hat Enterprise Linux - BaseOS                                                            [===                                                                                    ] ---  B/s |   0  B     --:-- ETARed Hat Enterprise Linux - BaseOS                                                                                                                                                       21 kB/s | 4.1 kB     00:00    
Red Hat Enterprise Linux - AppStream                                                         [   ===                                                                                 ] ---  B/s |   0  B     --:-- ETARed Hat Enterprise Linux - AppStream                                                                                                                                                    23 kB/s | 4.5 kB     00:00    
Red Hat Enterprise Linux - CodeReady Linux Builder                                           [      ===                                                                              ] ---  B/s |   0  B     --:-- ETARed Hat Enterprise Linux - CodeReady Linux Builder                                                                                                                                      25 kB/s | 4.5 kB     00:00    
Extra Packages for Enterprise Linux 9 - x86_64                                               [         ===                                                                           ] ---  B/s |   0  B     --:-- ETAExtra Packages for Enterprise Linux 9 - x86_64                                           37% [================================                                                       ]  51 kB/s |  16 kB     00:00 ETAExtra Packages for Enterprise Linux 9 - x86_64                                                                                                                                         126 kB/s |  42 kB     00:00    
Package pyproject-rpm-macros-1.16.2-1.el9.noarch is already installed.
Package python3.11-devel-3.11.11-2.el9.x86_64 is already installed.
Package python3.11-devel-3.11.11-2.el9.x86_64 is already installed.
Package python3.11-packaging-25.0-1.el9.noarch is already installed.
Package python3.11-pip-22.3.1-5.el9.noarch is already installed.
Package python3.11-setuptools-80.9.0-1.el9.noarch is already installed.
Dependencies resolved.
Nothing to do.
Complete!
Building target platforms: x86_64
Building for target x86_64
setting SOURCE_DATE_EPOCH=1750291200
Executing(%generate_buildrequires): /bin/sh -e /var/tmp/rpm-tmp.NdArTt
+ umask 022
+ cd /builddir/build/BUILD
+ cd fastjsonschema-2.21.1
+ echo pyproject-rpm-macros
+ echo python3.11-devel
+ echo 'python3.11dist(packaging)'
+ echo 'python3.11dist(pip) >= 19'
+ '[' -f pyproject.toml ']'
+ '[' -f setup.py ']'
+ echo 'python3.11dist(setuptools) >= 40.8'
+ rm -rfv '*.dist-info/'
+ '[' -f /usr/bin/python3.11 ']'
+ mkdir -p /builddir/build/BUILD/fastjsonschema-2.21.1/.pyproject-builddir-3.11
+ echo -n
+ CFLAGS='-O2 -flto=auto -ffat-lto-objects -fexceptions -g -grecord-gcc-switches -pipe -Wall -Werror=format-security -Wp,-D_FORTIFY_SOURCE=2 -Wp,-D_GLIBCXX_ASSERTIONS -specs=/usr/lib/rpm/redhat/redhat-hardened-cc1 -fstack-protector-strong -specs=/usr/lib/rpm/redhat/redhat-annobin-cc1  -m64 -march=x86-64-v2 -mtune=generic -fasynchronous-unwind-tables -fstack-clash-protection -fcf-protection'
+ CXXFLAGS='-O2 -flto=auto -ffat-lto-objects -fexceptions -g -grecord-gcc-switches -pipe -Wall -Werror=format-security -Wp,-D_FORTIFY_SOURCE=2 -Wp,-D_GLIBCXX_ASSERTIONS -specs=/usr/lib/rpm/redhat/redhat-hardened-cc1 -fstack-protector-strong -specs=/usr/lib/rpm/redhat/redhat-annobin-cc1  -m64 -march=x86-64-v2 -mtune=generic -fasynchronous-unwind-tables -fstack-clash-protection -fcf-protection'
+ FFLAGS='-O2 -flto=auto -ffat-lto-objects -fexceptions -g -grecord-gcc-switches -pipe -Wall -Werror=format-security -Wp,-D_FORTIFY_SOURCE=2 -Wp,-D_GLIBCXX_ASSERTIONS -specs=/usr/lib/rpm/redhat/redhat-hardened-cc1 -fstack-protector-strong -specs=/usr/lib/rpm/redhat/redhat-annobin-cc1  -m64 -march=x86-64-v2 -mtune=generic -fasynchronous-unwind-tables -fstack-clash-protection -fcf-protection -I/usr/lib64/gfortran/modules'
+ FCFLAGS='-O2 -flto=auto -ffat-lto-objects -fexceptions -g -grecord-gcc-switches -pipe -Wall -Werror=format-security -Wp,-D_FORTIFY_SOURCE=2 -Wp,-D_GLIBCXX_ASSERTIONS -specs=/usr/lib/rpm/redhat/redhat-hardened-cc1 -fstack-protector-strong -specs=/usr/lib/rpm/redhat/redhat-annobin-cc1  -m64 -march=x86-64-v2 -mtune=generic -fasynchronous-unwind-tables -fstack-clash-protection -fcf-protection -I/usr/lib64/gfortran/modules'
+ LDFLAGS='-Wl,-z,relro -Wl,--as-needed  -Wl,-z,now -specs=/usr/lib/rpm/redhat/redhat-hardened-ld -specs=/usr/lib/rpm/redhat/redhat-annobin-cc1 '
+ LT_SYS_LIBRARY_PATH=/usr/lib64:
+ CC=gcc
+ CXX=g++
+ TMPDIR=/builddir/build/BUILD/fastjsonschema-2.21.1/.pyproject-builddir-3.11
+ RPM_TOXENV=py311
+ HOSTNAME=rpmbuild
+ /usr/bin/python3.11 -Bs /usr/lib/rpm/redhat/pyproject_buildrequires.py --generate-extras --python3_pkgversion 3.11 --wheeldir /builddir/build/BUILD/fastjsonschema-2.21.1/pyproject-wheeldir-3.11 --output /builddir/build/BUILD/python-fastjsonschema-2.21.1-1.el9.x86_64-3.11-pyproject-buildrequires
Handling setuptools >= 40.8 from default build backend
Requirement satisfied: setuptools >= 40.8
   (installed: setuptools 80.9.0)
/usr/lib/python3.11/site-packages/setuptools/dist.py:759: SetuptoolsDeprecationWarning: License classifiers are deprecated.
!!

        ********************************************************************************
        Please consider removing the following classifiers in favor of a SPDX license expression:

        License :: OSI Approved :: BSD License

        See https://packaging.python.org/en/latest/guides/writing-pyproject-toml/#license for details.
        ********************************************************************************

!!
  self._finalize_license_expression()
running egg_info
writing fastjsonschema.egg-info/PKG-INFO
writing dependency_links to fastjsonschema.egg-info/dependency_links.txt
writing requirements to fastjsonschema.egg-info/requires.txt
writing top-level names to fastjsonschema.egg-info/top_level.txt
reading manifest file 'fastjsonschema.egg-info/SOURCES.txt'
reading manifest template 'MANIFEST.in'
warning: no previously-included files matching '*.pyc' found anywhere in distribution
adding license file 'LICENSE'
adding license file 'AUTHORS'
writing manifest file 'fastjsonschema.egg-info/SOURCES.txt'
running dist_info
writing fastjsonschema.egg-info/PKG-INFO
writing dependency_links to fastjsonschema.egg-info/dependency_links.txt
writing requirements to fastjsonschema.egg-info/requires.txt
writing top-level names to fastjsonschema.egg-info/top_level.txt
reading manifest file 'fastjsonschema.egg-info/SOURCES.txt'
reading manifest template 'MANIFEST.in'
warning: no previously-included files matching '*.pyc' found anywhere in distribution
adding license file 'LICENSE'
adding license file 'AUTHORS'
writing manifest file 'fastjsonschema.egg-info/SOURCES.txt'
creating '/builddir/build/BUILD/fastjsonschema-2.21.1/fastjsonschema-2.21.1.dist-info'
Handling colorama; extra == "devel" from hook generated metadata: Requires-Dist (fastjsonschema)
Ignoring alien requirement: colorama; extra == "devel"
Handling jsonschema; extra == "devel" from hook generated metadata: Requires-Dist (fastjsonschema)
Ignoring alien requirement: jsonschema; extra == "devel"
Handling json-spec; extra == "devel" from hook generated metadata: Requires-Dist (fastjsonschema)
Ignoring alien requirement: json-spec; extra == "devel"
Handling pylint; extra == "devel" from hook generated metadata: Requires-Dist (fastjsonschema)
Ignoring alien requirement: pylint; extra == "devel"
Handling pytest; extra == "devel" from hook generated metadata: Requires-Dist (fastjsonschema)
Ignoring alien requirement: pytest; extra == "devel"
Handling pytest-benchmark; extra == "devel" from hook generated metadata: Requires-Dist (fastjsonschema)
Ignoring alien requirement: pytest-benchmark; extra == "devel"
Handling pytest-cache; extra == "devel" from hook generated metadata: Requires-Dist (fastjsonschema)
Ignoring alien requirement: pytest-cache; extra == "devel"
Handling validictory; extra == "devel" from hook generated metadata: Requires-Dist (fastjsonschema)
Ignoring alien requirement: validictory; extra == "devel"
+ cat /builddir/build/BUILD/python-fastjsonschema-2.21.1-1.el9.x86_64-3.11-pyproject-buildrequires
+ rm -rfv fastjsonschema-2.21.1.dist-info/
removed 'fastjsonschema-2.21.1.dist-info/top_level.txt'
removed 'fastjsonschema-2.21.1.dist-info/METADATA'
removed 'fastjsonschema-2.21.1.dist-info/licenses/LICENSE'
removed 'fastjsonschema-2.21.1.dist-info/licenses/AUTHORS'
removed directory 'fastjsonschema-2.21.1.dist-info/licenses'
removed directory 'fastjsonschema-2.21.1.dist-info/'
+ RPM_EC=0
++ jobs -p
+ exit 0
Executing(%build): /bin/sh -e /var/tmp/rpm-tmp.g0IrqM
+ umask 022
+ cd /builddir/build/BUILD
+ cd fastjsonschema-2.21.1
+ mkdir -p /builddir/build/BUILD/fastjsonschema-2.21.1/.pyproject-builddir-3.11
+ CFLAGS='-O2 -flto=auto -ffat-lto-objects -fexceptions -g -grecord-gcc-switches -pipe -Wall -Werror=format-security -Wp,-D_FORTIFY_SOURCE=2 -Wp,-D_GLIBCXX_ASSERTIONS -specs=/usr/lib/rpm/redhat/redhat-hardened-cc1 -fstack-protector-strong -specs=/usr/lib/rpm/redhat/redhat-annobin-cc1  -m64 -march=x86-64-v2 -mtune=generic -fasynchronous-unwind-tables -fstack-clash-protection -fcf-protection'
+ CXXFLAGS='-O2 -flto=auto -ffat-lto-objects -fexceptions -g -grecord-gcc-switches -pipe -Wall -Werror=format-security -Wp,-D_FORTIFY_SOURCE=2 -Wp,-D_GLIBCXX_ASSERTIONS -specs=/usr/lib/rpm/redhat/redhat-hardened-cc1 -fstack-protector-strong -specs=/usr/lib/rpm/redhat/redhat-annobin-cc1  -m64 -march=x86-64-v2 -mtune=generic -fasynchronous-unwind-tables -fstack-clash-protection -fcf-protection'
+ FFLAGS='-O2 -flto=auto -ffat-lto-objects -fexceptions -g -grecord-gcc-switches -pipe -Wall -Werror=format-security -Wp,-D_FORTIFY_SOURCE=2 -Wp,-D_GLIBCXX_ASSERTIONS -specs=/usr/lib/rpm/redhat/redhat-hardened-cc1 -fstack-protector-strong -specs=/usr/lib/rpm/redhat/redhat-annobin-cc1  -m64 -march=x86-64-v2 -mtune=generic -fasynchronous-unwind-tables -fstack-clash-protection -fcf-protection -I/usr/lib64/gfortran/modules'
+ FCFLAGS='-O2 -flto=auto -ffat-lto-objects -fexceptions -g -grecord-gcc-switches -pipe -Wall -Werror=format-security -Wp,-D_FORTIFY_SOURCE=2 -Wp,-D_GLIBCXX_ASSERTIONS -specs=/usr/lib/rpm/redhat/redhat-hardened-cc1 -fstack-protector-strong -specs=/usr/lib/rpm/redhat/redhat-annobin-cc1  -m64 -march=x86-64-v2 -mtune=generic -fasynchronous-unwind-tables -fstack-clash-protection -fcf-protection -I/usr/lib64/gfortran/modules'
+ LDFLAGS='-Wl,-z,relro -Wl,--as-needed  -Wl,-z,now -specs=/usr/lib/rpm/redhat/redhat-hardened-ld -specs=/usr/lib/rpm/redhat/redhat-annobin-cc1 '
+ LT_SYS_LIBRARY_PATH=/usr/lib64:
+ CC=gcc
+ CXX=g++
+ TMPDIR=/builddir/build/BUILD/fastjsonschema-2.21.1/.pyproject-builddir-3.11
+ /usr/bin/python3.11 -Bs /usr/lib/rpm/redhat/pyproject_wheel.py /builddir/build/BUILD/fastjsonschema-2.21.1/pyproject-wheeldir-3.11
Processing /builddir/build/BUILD/fastjsonschema-2.21.1
  Preparing metadata (pyproject.toml): started
  Running command Preparing metadata (pyproject.toml)
  /usr/lib/python3.11/site-packages/setuptools/dist.py:759: SetuptoolsDeprecationWarning: License classifiers are deprecated.
  !!

          ********************************************************************************
          Please consider removing the following classifiers in favor of a SPDX license expression:

          License :: OSI Approved :: BSD License

          See https://packaging.python.org/en/latest/guides/writing-pyproject-toml/#license for details.
          ********************************************************************************

  !!
    self._finalize_license_expression()
  running dist_info
  creating /builddir/build/BUILD/fastjsonschema-2.21.1/.pyproject-builddir-3.11/pip-modern-metadata-g1y441sr/fastjsonschema.egg-info
  writing /builddir/build/BUILD/fastjsonschema-2.21.1/.pyproject-builddir-3.11/pip-modern-metadata-g1y441sr/fastjsonschema.egg-info/PKG-INFO
  writing dependency_links to /builddir/build/BUILD/fastjsonschema-2.21.1/.pyproject-builddir-3.11/pip-modern-metadata-g1y441sr/fastjsonschema.egg-info/dependency_links.txt
  writing requirements to /builddir/build/BUILD/fastjsonschema-2.21.1/.pyproject-builddir-3.11/pip-modern-metadata-g1y441sr/fastjsonschema.egg-info/requires.txt
  writing top-level names to /builddir/build/BUILD/fastjsonschema-2.21.1/.pyproject-builddir-3.11/pip-modern-metadata-g1y441sr/fastjsonschema.egg-info/top_level.txt
  writing manifest file '/builddir/build/BUILD/fastjsonschema-2.21.1/.pyproject-builddir-3.11/pip-modern-metadata-g1y441sr/fastjsonschema.egg-info/SOURCES.txt'
  reading manifest file '/builddir/build/BUILD/fastjsonschema-2.21.1/.pyproject-builddir-3.11/pip-modern-metadata-g1y441sr/fastjsonschema.egg-info/SOURCES.txt'
  reading manifest template 'MANIFEST.in'
  warning: no previously-included files matching '*.pyc' found anywhere in distribution
  adding license file 'LICENSE'
  adding license file 'AUTHORS'
  writing manifest file '/builddir/build/BUILD/fastjsonschema-2.21.1/.pyproject-builddir-3.11/pip-modern-metadata-g1y441sr/fastjsonschema.egg-info/SOURCES.txt'
  creating '/builddir/build/BUILD/fastjsonschema-2.21.1/.pyproject-builddir-3.11/pip-modern-metadata-g1y441sr/fastjsonschema-2.21.1.dist-info'
  Preparing metadata (pyproject.toml): finished with status 'done'
Building wheels for collected packages: fastjsonschema
  Building wheel for fastjsonschema (pyproject.toml): started
  Running command Building wheel for fastjsonschema (pyproject.toml)
  /usr/lib/python3.11/site-packages/setuptools/dist.py:759: SetuptoolsDeprecationWarning: License classifiers are deprecated.
  !!

          ********************************************************************************
          Please consider removing the following classifiers in favor of a SPDX license expression:

          License :: OSI Approved :: BSD License

          See https://packaging.python.org/en/latest/guides/writing-pyproject-toml/#license for details.
          ********************************************************************************

  !!
    self._finalize_license_expression()
  running bdist_wheel
  running build
  running build_py
  creating build/lib/fastjsonschema
  copying fastjsonschema/__init__.py -> build/lib/fastjsonschema
  copying fastjsonschema/__main__.py -> build/lib/fastjsonschema
  copying fastjsonschema/draft04.py -> build/lib/fastjsonschema
  copying fastjsonschema/draft06.py -> build/lib/fastjsonschema
  copying fastjsonschema/draft07.py -> build/lib/fastjsonschema
  copying fastjsonschema/exceptions.py -> build/lib/fastjsonschema
  copying fastjsonschema/generator.py -> build/lib/fastjsonschema
  copying fastjsonschema/indent.py -> build/lib/fastjsonschema
  copying fastjsonschema/ref_resolver.py -> build/lib/fastjsonschema
  copying fastjsonschema/version.py -> build/lib/fastjsonschema
  installing to build/bdist.linux-x86_64/wheel
  running install
  running install_lib
  creating build/bdist.linux-x86_64/wheel
  creating build/bdist.linux-x86_64/wheel/fastjsonschema
  copying build/lib/fastjsonschema/__init__.py -> build/bdist.linux-x86_64/wheel/./fastjsonschema
  copying build/lib/fastjsonschema/__main__.py -> build/bdist.linux-x86_64/wheel/./fastjsonschema
  copying build/lib/fastjsonschema/draft04.py -> build/bdist.linux-x86_64/wheel/./fastjsonschema
  copying build/lib/fastjsonschema/draft06.py -> build/bdist.linux-x86_64/wheel/./fastjsonschema
  copying build/lib/fastjsonschema/draft07.py -> build/bdist.linux-x86_64/wheel/./fastjsonschema
  copying build/lib/fastjsonschema/exceptions.py -> build/bdist.linux-x86_64/wheel/./fastjsonschema
  copying build/lib/fastjsonschema/generator.py -> build/bdist.linux-x86_64/wheel/./fastjsonschema
  copying build/lib/fastjsonschema/indent.py -> build/bdist.linux-x86_64/wheel/./fastjsonschema
  copying build/lib/fastjsonschema/ref_resolver.py -> build/bdist.linux-x86_64/wheel/./fastjsonschema
  copying build/lib/fastjsonschema/version.py -> build/bdist.linux-x86_64/wheel/./fastjsonschema
  running install_egg_info
  running egg_info
  writing fastjsonschema.egg-info/PKG-INFO
  writing dependency_links to fastjsonschema.egg-info/dependency_links.txt
  writing requirements to fastjsonschema.egg-info/requires.txt
  writing top-level names to fastjsonschema.egg-info/top_level.txt
  reading manifest file 'fastjsonschema.egg-info/SOURCES.txt'
  reading manifest template 'MANIFEST.in'
  warning: no previously-included files matching '*.pyc' found anywhere in distribution
  adding license file 'LICENSE'
  adding license file 'AUTHORS'
  writing manifest file 'fastjsonschema.egg-info/SOURCES.txt'
  Copying fastjsonschema.egg-info to build/bdist.linux-x86_64/wheel/./fastjsonschema-2.21.1-py3.11.egg-info
  running install_scripts
  creating build/bdist.linux-x86_64/wheel/fastjsonschema-2.21.1.dist-info/WHEEL
  creating '/builddir/build/BUILD/fastjsonschema-2.21.1/.pyproject-builddir-3.11/pip-wheel-avoherin/.tmp-jchyjkej/fastjsonschema-2.21.1-py3-none-any.whl' and adding 'build/bdist.linux-x86_64/wheel' to it
  adding 'fastjsonschema/__init__.py'
  adding 'fastjsonschema/__main__.py'
  adding 'fastjsonschema/draft04.py'
  adding 'fastjsonschema/draft06.py'
  adding 'fastjsonschema/draft07.py'
  adding 'fastjsonschema/exceptions.py'
  adding 'fastjsonschema/generator.py'
  adding 'fastjsonschema/indent.py'
  adding 'fastjsonschema/ref_resolver.py'
  adding 'fastjsonschema/version.py'
  adding 'fastjsonschema-2.21.1.dist-info/licenses/AUTHORS'
  adding 'fastjsonschema-2.21.1.dist-info/licenses/LICENSE'
  adding 'fastjsonschema-2.21.1.dist-info/METADATA'
  adding 'fastjsonschema-2.21.1.dist-info/WHEEL'
  adding 'fastjsonschema-2.21.1.dist-info/top_level.txt'
  adding 'fastjsonschema-2.21.1.dist-info/RECORD'
  removing build/bdist.linux-x86_64/wheel
  Building wheel for fastjsonschema (pyproject.toml): finished with status 'done'
  Created wheel for fastjsonschema: filename=fastjsonschema-2.21.1-py3-none-any.whl size=24027 sha256=c205641ad9d54c464f6d3268ba68db0ab9a05a38ca3a640fa09f24106c9149b0
  Stored in directory: /builddir/.cache/pip/wheels/d6/b7/da/fa78aa02b77c137e567e8af54eee2d183776a42c2f03eee9fe
Successfully built fastjsonschema
+ RPM_EC=0
++ jobs -p
+ exit 0
Executing(%install): /bin/sh -e /var/tmp/rpm-tmp.c6lmu9
+ umask 022
+ cd /builddir/build/BUILD
+ '[' /builddir/build/BUILDROOT/python-fastjsonschema-2.21.1-1.el9.x86_64 '!=' / ']'
+ rm -rf /builddir/build/BUILDROOT/python-fastjsonschema-2.21.1-1.el9.x86_64
++ dirname /builddir/build/BUILDROOT/python-fastjsonschema-2.21.1-1.el9.x86_64
+ mkdir -p /builddir/build/BUILDROOT
+ mkdir /builddir/build/BUILDROOT/python-fastjsonschema-2.21.1-1.el9.x86_64
+ cd fastjsonschema-2.21.1
++ ls /builddir/build/BUILD/fastjsonschema-2.21.1/pyproject-wheeldir-3.11/fastjsonschema-2.21.1-py3-none-any.whl
++ sed -E 's/([^-]+)-([^-]+)-.+\.whl/\1==\2/'
++ xargs basename --multiple
+ specifier=fastjsonschema==2.21.1
+ '[' -z fastjsonschema==2.21.1 ']'
+ TMPDIR=/builddir/build/BUILD/fastjsonschema-2.21.1/.pyproject-builddir-3.11
+ /usr/bin/python3.11 -m pip install --root /builddir/build/BUILDROOT/python-fastjsonschema-2.21.1-1.el9.x86_64 --prefix /usr --no-deps --disable-pip-version-check --progress-bar off --verbose --ignore-installed --no-warn-script-location --no-index --no-cache-dir --find-links /builddir/build/BUILD/fastjsonschema-2.21.1/pyproject-wheeldir-3.11 fastjsonschema==2.21.1
Using pip 22.3.1 from /usr/lib/python3.11/site-packages/pip (python 3.11)
Looking in links: /builddir/build/BUILD/fastjsonschema-2.21.1/pyproject-wheeldir-3.11
Processing ./pyproject-wheeldir-3.11/fastjsonschema-2.21.1-py3-none-any.whl
Installing collected packages: fastjsonschema
Successfully installed fastjsonschema-2.21.1
WARNING: Running pip as the 'root' user can result in broken permissions and conflicting behaviour with the system package manager. It is recommended to use a virtual environment instead: https://pip.pypa.io/warnings/venv
+ '[' -d /builddir/build/BUILDROOT/python-fastjsonschema-2.21.1-1.el9.x86_64/usr/bin ']'
+ rm -f /builddir/build/BUILD/python-fastjsonschema-2.21.1-1.el9.x86_64-3.11-pyproject-ghost-distinfo
+ site_dirs=()
+ '[' -d /builddir/build/BUILDROOT/python-fastjsonschema-2.21.1-1.el9.x86_64/usr/lib/python3.11/site-packages ']'
+ site_dirs+=("/usr/lib/python3.11/site-packages")
+ '[' /builddir/build/BUILDROOT/python-fastjsonschema-2.21.1-1.el9.x86_64/usr/lib64/python3.11/site-packages '!=' /builddir/build/BUILDROOT/python-fastjsonschema-2.21.1-1.el9.x86_64/usr/lib/python3.11/site-packages ']'
+ '[' -d /builddir/build/BUILDROOT/python-fastjsonschema-2.21.1-1.el9.x86_64/usr/lib64/python3.11/site-packages ']'
+ for site_dir in ${site_dirs[@]}
+ for distinfo in /builddir/build/BUILDROOT/python-fastjsonschema-2.21.1-1.el9.x86_64$site_dir/*.dist-info
+ echo '%ghost /usr/lib/python3.11/site-packages/fastjsonschema-2.21.1.dist-info'
+ sed -i s/pip/rpm/ /builddir/build/BUILDROOT/python-fastjsonschema-2.21.1-1.el9.x86_64/usr/lib/python3.11/site-packages/fastjsonschema-2.21.1.dist-info/INSTALLER
+ PYTHONPATH=/usr/lib/rpm/redhat
+ /usr/bin/python3.11 -B /usr/lib/rpm/redhat/pyproject_preprocess_record.py --buildroot /builddir/build/BUILDROOT/python-fastjsonschema-2.21.1-1.el9.x86_64 --record /builddir/build/BUILDROOT/python-fastjsonschema-2.21.1-1.el9.x86_64/usr/lib/python3.11/site-packages/fastjsonschema-2.21.1.dist-info/RECORD --output /builddir/build/BUILD/python-fastjsonschema-2.21.1-1.el9.x86_64-3.11-pyproject-record
+ rm -fv /builddir/build/BUILDROOT/python-fastjsonschema-2.21.1-1.el9.x86_64/usr/lib/python3.11/site-packages/fastjsonschema-2.21.1.dist-info/RECORD
removed '/builddir/build/BUILDROOT/python-fastjsonschema-2.21.1-1.el9.x86_64/usr/lib/python3.11/site-packages/fastjsonschema-2.21.1.dist-info/RECORD'
+ rm -fv /builddir/build/BUILDROOT/python-fastjsonschema-2.21.1-1.el9.x86_64/usr/lib/python3.11/site-packages/fastjsonschema-2.21.1.dist-info/REQUESTED
removed '/builddir/build/BUILDROOT/python-fastjsonschema-2.21.1-1.el9.x86_64/usr/lib/python3.11/site-packages/fastjsonschema-2.21.1.dist-info/REQUESTED'
++ wc -l /builddir/build/BUILD/python-fastjsonschema-2.21.1-1.el9.x86_64-3.11-pyproject-ghost-distinfo
++ cut -f1 '-d '
+ lines=1
+ '[' 1 -ne 1 ']'
+ RPM_FILES_ESCAPE=4.18
+ /usr/bin/python3.11 /usr/lib/rpm/redhat/pyproject_save_files.py --output-files /builddir/build/BUILD/python-fastjsonschema-2.21.1-1.el9.x86_64-3.11-pyproject-files --output-modules /builddir/build/BUILD/python-fastjsonschema-2.21.1-1.el9.x86_64-3.11-pyproject-modules --buildroot /builddir/build/BUILDROOT/python-fastjsonschema-2.21.1-1.el9.x86_64 --sitelib /usr/lib/python3.11/site-packages --sitearch /usr/lib64/python3.11/site-packages --python-version 3.11 --pyproject-record /builddir/build/BUILD/python-fastjsonschema-2.21.1-1.el9.x86_64-3.11-pyproject-record --prefix /usr '*' +auto
+ /usr/bin/find-debuginfo -j4 --strict-build-id -m -i --build-id-seed 2.21.1-1.el9 --unique-debug-suffix -2.21.1-1.el9.x86_64 --unique-debug-src-base python-fastjsonschema-2.21.1-1.el9.x86_64 --run-dwz --dwz-low-mem-die-limit 10000000 --dwz-max-die-limit 110000000 --remove-section .gnu.build.attributes -S debugsourcefiles.list /builddir/build/BUILD/fastjsonschema-2.21.1
find: 'debug': No such file or directory
+ /usr/lib/rpm/check-buildroot
+ /usr/lib/rpm/redhat/brp-ldconfig
+ /usr/lib/rpm/brp-compress
+ /usr/lib/rpm/redhat/brp-strip-lto /usr/bin/strip
+ /usr/lib/rpm/brp-strip-static-archive /usr/bin/strip
+ /usr/lib/rpm/redhat/brp-python-bytecompile '' 1 0
Bytecompiling .py files below /builddir/build/BUILDROOT/python-fastjsonschema-2.21.1-1.el9.x86_64/usr/lib/python3.11 using python3.11
+ /usr/lib/rpm/brp-python-hardlink
+ /usr/lib/rpm/redhat/brp-mangle-shebangs
Processing files: python3.11-fastjsonschema-2.21.1-1.el9.noarch
Provides: python3.11-fastjsonschema = 2.21.1-1.el9 python3.11dist(fastjsonschema) = 2.21.1
Requires(rpmlib): rpmlib(CompressedFileNames) <= 3.0.4-1 rpmlib(FileDigests) <= 4.6.0-1 rpmlib(PartialHardlinkSets) <= 4.0.4-1 rpmlib(PayloadFilesHavePrefix) <= 4.0-1
Requires: python(abi) = 3.11
Checking for unpackaged file(s): /usr/lib/rpm/check-files /builddir/build/BUILDROOT/python-fastjsonschema-2.21.1-1.el9.x86_64
Wrote: /builddir/build/SRPMS/python-fastjsonschema-2.21.1-1.el9.src.rpm
Wrote: /builddir/build/RPMS/python3.11-fastjsonschema-2.21.1-1.el9.noarch.rpm
Finish: rpmbuild python-fastjsonschema-2.21.1-1.el9.src.rpm
Finish: build phase for python-fastjsonschema-2.21.1-1.el9.src.rpm
INFO: Done(/opt/greenbone-rpm/rpmbuilds/1.0.0/SRPMS/python-fastjsonschema-2.21.1-1.el9.src.rpm) Config(epel-9-x86_64) 0 minutes 20 seconds
INFO: Results and/or logs in: /opt/greenbone-rpm/rpmbuilds/1.0.0/RPMS-TMP/
Finish: run
