INFO: mock.py version 5.5 starting (python version = 3.9.21, NVR = mock-5.5-1.el9), args: /usr/libexec/mock/mock -r epel-9-x86_64 --enable-network --addrepo /opt/greenbone-rpm/rpmbuilds/1.0.0/RPMS/ --resultdir /opt/greenbone-rpm/rpmbuilds/1.0.0/RPMS-TMP/ --no-clean /opt/greenbone-rpm/rpmbuilds/1.0.0/SRPMS/python-poetry-2.1.3-1.el9.src.rpm --rpmbuild-opts=--nocheck --no-cleanup-after
Start(bootstrap): init plugins
INFO: selinux enabled
Finish(bootstrap): init plugins
Start: init plugins
INFO: selinux enabled
Finish: init plugins
INFO: Signal handler active
Start: run
INFO: Start(/opt/greenbone-rpm/rpmbuilds/1.0.0/SRPMS/python-poetry-2.1.3-1.el9.src.rpm)  Config(rhel+epel-9-x86_64)
Mock Version: 5.5
INFO: Mock Version: 5.5
Start(bootstrap): chroot init
INFO: calling preinit hooks
INFO: enabled root cache
INFO: enabled package manager cache
Start(bootstrap): cleaning package manager metadata
Finish(bootstrap): cleaning package manager metadata
INFO: Package manager dnf detected and used (fallback)
Finish(bootstrap): chroot init
Start: chroot init
INFO: calling preinit hooks
INFO: enabled root cache
INFO: enabled package manager cache
Start: cleaning package manager metadata
Finish: cleaning package manager metadata
INFO: enabled HW Info plugin
INFO: Package manager dnf detected and used (direct choice)
INFO: Buildroot is handled by package management downloaded with a bootstrap image:
  rpm-4.16.1.3-37.el9.x86_64
  python3-dnf-4.14.0-25.el9.noarch
  python3-dnf-plugins-core-4.3.0-20.el9.noarch
  yum-4.14.0-25.el9.noarch
Finish: chroot init
Start: build phase for python-poetry-2.1.3-1.el9.src.rpm
Start: build setup for python-poetry-2.1.3-1.el9.src.rpm
Building target platforms: x86_64
Building for target x86_64
setting SOURCE_DATE_EPOCH=1750291200
Wrote: /builddir/build/SRPMS/python-poetry-2.1.3-1.el9.src.rpm
No matches found for the following disable plugin patterns: local, spacewalk, versionlock
Updating Subscription Management repositories.
Unable to read consumer identity

This system is not registered with an entitlement server. You can use subscription-manager to register.

/opt/greenbone-rpm/rpmbuilds/1.0.0/RPMS/                                                     [===                                                                                    ] ---  B/s |   0  B     --:-- ETA/opt/greenbone-rpm/rpmbuilds/1.0.0/RPMS/                                                                                                                                               2.9 MB/s | 3.0 kB     00:00    
/opt/greenbone-rpm/rpmbuilds/1.0.0/RPMS/                                                     [===                                                                                    ] ---  B/s |   0  B     --:-- ETA/opt/greenbone-rpm/rpmbuilds/1.0.0/RPMS/                                                                                                                                               1.8 MB/s |  12 kB     00:00    
Red Hat Enterprise Linux - BaseOS                                                            [   ===                                                                                 ] ---  B/s |   0  B     --:-- ETARed Hat Enterprise Linux - BaseOS                                                                                                                                                       16 kB/s | 4.1 kB     00:00    
Red Hat Enterprise Linux - AppStream                                                         [      ===                                                                              ] ---  B/s |   0  B     --:-- ETARed Hat Enterprise Linux - AppStream                                                                                                                                                    19 kB/s | 4.5 kB     00:00    
Red Hat Enterprise Linux - CodeReady Linux Builder                                           [         ===                                                                           ] ---  B/s |   0  B     --:-- ETARed Hat Enterprise Linux - CodeReady Linux Builder                                                                                                                                      18 kB/s | 4.5 kB     00:00    
Extra Packages for Enterprise Linux 9 - x86_64                                               [            ===                                                                        ] ---  B/s |   0  B     --:-- ETAExtra Packages for Enterprise Linux 9 - x86_64                                               [               ===                                                                     ] ---  B/s |   0  B     --:-- ETAExtra Packages for Enterprise Linux 9 - x86_64                                                                                                                                          66 kB/s |  42 kB     00:00    
Package python3.11-devel-3.11.11-2.el9.x86_64 is already installed.
Dependencies resolved.
Nothing to do.
Complete!
Finish: build setup for python-poetry-2.1.3-1.el9.src.rpm
Start: Outputting list of installed packages
Finish: Outputting list of installed packages
Start: rpmbuild python-poetry-2.1.3-1.el9.src.rpm
Building target platforms: x86_64
Building for target x86_64
setting SOURCE_DATE_EPOCH=1750291200
Executing(%prep): /bin/sh -e /var/tmp/rpm-tmp.CtTN60
+ umask 022
+ cd /builddir/build/BUILD
+ cd /builddir/build/BUILD
+ rm -rf poetry-2.1.3
+ /usr/bin/gzip -dc /builddir/build/SOURCES/poetry-2.1.3.tar.gz
+ /usr/bin/tar -xof -
+ STATUS=0
+ '[' 0 -ne 0 ']'
+ cd poetry-2.1.3
+ /usr/bin/chmod -Rf a+rX,u+w,g-w,o-w .
+ /usr/bin/cat /builddir/build/SOURCES/poetry-depfix.patch
+ /usr/bin/patch -p1 -s --fuzz=0 --no-backup-if-mismatch
+ RPM_EC=0
++ jobs -p
+ exit 0
Executing(%generate_buildrequires): /bin/sh -e /var/tmp/rpm-tmp.lTGjLr
+ umask 022
+ cd /builddir/build/BUILD
+ cd poetry-2.1.3
+ echo pyproject-rpm-macros
+ echo python3.11-devel
+ echo 'python3.11dist(packaging)'
+ echo 'python3.11dist(pip) >= 19'
+ '[' -f pyproject.toml ']'
+ true
+ rm -rfv '*.dist-info/'
+ '[' -f /usr/bin/python3.11 ']'
+ mkdir -p /builddir/build/BUILD/poetry-2.1.3/.pyproject-builddir-3.11
+ echo -n
+ CFLAGS='-O2 -flto=auto -ffat-lto-objects -fexceptions -g -grecord-gcc-switches -pipe -Wall -Werror=format-security -Wp,-D_FORTIFY_SOURCE=2 -Wp,-D_GLIBCXX_ASSERTIONS -specs=/usr/lib/rpm/redhat/redhat-hardened-cc1 -fstack-protector-strong -specs=/usr/lib/rpm/redhat/redhat-annobin-cc1  -m64 -march=x86-64-v2 -mtune=generic -fasynchronous-unwind-tables -fstack-clash-protection -fcf-protection'
+ CXXFLAGS='-O2 -flto=auto -ffat-lto-objects -fexceptions -g -grecord-gcc-switches -pipe -Wall -Werror=format-security -Wp,-D_FORTIFY_SOURCE=2 -Wp,-D_GLIBCXX_ASSERTIONS -specs=/usr/lib/rpm/redhat/redhat-hardened-cc1 -fstack-protector-strong -specs=/usr/lib/rpm/redhat/redhat-annobin-cc1  -m64 -march=x86-64-v2 -mtune=generic -fasynchronous-unwind-tables -fstack-clash-protection -fcf-protection'
+ FFLAGS='-O2 -flto=auto -ffat-lto-objects -fexceptions -g -grecord-gcc-switches -pipe -Wall -Werror=format-security -Wp,-D_FORTIFY_SOURCE=2 -Wp,-D_GLIBCXX_ASSERTIONS -specs=/usr/lib/rpm/redhat/redhat-hardened-cc1 -fstack-protector-strong -specs=/usr/lib/rpm/redhat/redhat-annobin-cc1  -m64 -march=x86-64-v2 -mtune=generic -fasynchronous-unwind-tables -fstack-clash-protection -fcf-protection -I/usr/lib64/gfortran/modules'
+ FCFLAGS='-O2 -flto=auto -ffat-lto-objects -fexceptions -g -grecord-gcc-switches -pipe -Wall -Werror=format-security -Wp,-D_FORTIFY_SOURCE=2 -Wp,-D_GLIBCXX_ASSERTIONS -specs=/usr/lib/rpm/redhat/redhat-hardened-cc1 -fstack-protector-strong -specs=/usr/lib/rpm/redhat/redhat-annobin-cc1  -m64 -march=x86-64-v2 -mtune=generic -fasynchronous-unwind-tables -fstack-clash-protection -fcf-protection -I/usr/lib64/gfortran/modules'
+ LDFLAGS='-Wl,-z,relro -Wl,--as-needed  -Wl,-z,now -specs=/usr/lib/rpm/redhat/redhat-hardened-ld -specs=/usr/lib/rpm/redhat/redhat-annobin-cc1 '
+ LT_SYS_LIBRARY_PATH=/usr/lib64:
+ CC=gcc
+ CXX=g++
+ TMPDIR=/builddir/build/BUILD/poetry-2.1.3/.pyproject-builddir-3.11
+ RPM_TOXENV=py311
+ HOSTNAME=rpmbuild
+ /usr/bin/python3.11 -Bs /usr/lib/rpm/redhat/pyproject_buildrequires.py --generate-extras --python3_pkgversion 3.11 --wheeldir /builddir/build/BUILD/poetry-2.1.3/pyproject-wheeldir-3.11 --output /builddir/build/BUILD/python-poetry-2.1.3-1.el9.x86_64-3.11-pyproject-buildrequires
Handling poetry-core>=2.0 from build-system.requires
Requirement satisfied: poetry-core>=2.0
   (installed: poetry-core 2.1.3)
Handling build (>=1.2.1,<2.0.0) from hook generated metadata: Requires-Dist (poetry)
Requirement not satisfied: build (>=1.2.1,<2.0.0)
Handling cachecontrol[filecache] (>=0.14.0,<0.15.0) from hook generated metadata: Requires-Dist (poetry)
Requirement not satisfied: cachecontrol[filecache] (>=0.14.0,<0.15.0)
Handling cleo (>=2.1.0,<3.0.0) from hook generated metadata: Requires-Dist (poetry)
Requirement not satisfied: cleo (>=2.1.0,<3.0.0)
Handling dulwich (>=0.22.6,<0.23.0) from hook generated metadata: Requires-Dist (poetry)
Requirement not satisfied: dulwich (>=0.22.6,<0.23.0)
Handling fastjsonschema (>=2.18.0,<3.0.0) from hook generated metadata: Requires-Dist (poetry)
Requirement not satisfied: fastjsonschema (>=2.18.0,<3.0.0)
Handling findpython (>=0.6.2,<0.7.0) from hook generated metadata: Requires-Dist (poetry)
Requirement not satisfied: findpython (>=0.6.2,<0.7.0)
Handling importlib-metadata (>=4.4,<8.7) ; python_version < "3.10" from hook generated metadata: Requires-Dist (poetry)
Ignoring alien requirement: importlib-metadata (>=4.4,<8.7) ; python_version < "3.10"
Handling installer (>=0.7.0,<0.8.0) from hook generated metadata: Requires-Dist (poetry)
Requirement not satisfied: installer (>=0.7.0,<0.8.0)
Handling keyring (>=25.1.0,<26.0.0) from hook generated metadata: Requires-Dist (poetry)
Requirement not satisfied: keyring (>=25.1.0,<26.0.0)
Handling pbs-installer[download,install] (>=2025.1.6,<2026.0.0) from hook generated metadata: Requires-Dist (poetry)
Requirement not satisfied: pbs-installer[download,install] (>=2025.1.6,<2026.0.0)
Handling pkginfo (>=1.12,<2.0) from hook generated metadata: Requires-Dist (poetry)
Requirement not satisfied: pkginfo (>=1.12,<2.0)
Handling platformdirs (>=3.0.0,<5) from hook generated metadata: Requires-Dist (poetry)
Requirement not satisfied: platformdirs (>=3.0.0,<5)
Handling poetry-core (==2.1.3) from hook generated metadata: Requires-Dist (poetry)
Requirement satisfied: poetry-core (==2.1.3)
   (installed: poetry-core 2.1.3)
Handling pyproject-hooks (>=1.0.0,<2.0.0) from hook generated metadata: Requires-Dist (poetry)
Requirement not satisfied: pyproject-hooks (>=1.0.0,<2.0.0)
Handling requests (>=2.26,<3.0) from hook generated metadata: Requires-Dist (poetry)
Requirement not satisfied: requests (>=2.26,<3.0)
Handling requests-toolbelt (>=1.0.0,<2.0.0) from hook generated metadata: Requires-Dist (poetry)
Requirement not satisfied: requests-toolbelt (>=1.0.0,<2.0.0)
Handling shellingham (>=1.5,<2.0) from hook generated metadata: Requires-Dist (poetry)
Requirement not satisfied: shellingham (>=1.5,<2.0)
Handling tomli (>=2.0.1,<3.0.0) ; python_version < "3.11" from hook generated metadata: Requires-Dist (poetry)
Ignoring alien requirement: tomli (>=2.0.1,<3.0.0) ; python_version < "3.11"
Handling tomlkit (>=0.11.4,<1.0.0) from hook generated metadata: Requires-Dist (poetry)
Requirement not satisfied: tomlkit (>=0.11.4,<1.0.0)
Handling trove-classifiers (>=2022.5.19) from hook generated metadata: Requires-Dist (poetry)
Requirement not satisfied: trove-classifiers (>=2022.5.19)
Handling virtualenv (>=20.26.6,<21.0.0) from hook generated metadata: Requires-Dist (poetry)
Requirement not satisfied: virtualenv (>=20.26.6,<21.0.0)
Handling xattr (>=1.0.0,<2.0.0) ; sys_platform == "darwin" from hook generated metadata: Requires-Dist (poetry)
Ignoring alien requirement: xattr (>=1.0.0,<2.0.0) ; sys_platform == "darwin"
+ cat /builddir/build/BUILD/python-poetry-2.1.3-1.el9.x86_64-3.11-pyproject-buildrequires
+ rm -rfv poetry-2.1.3.dist-info/
removed 'poetry-2.1.3.dist-info/entry_points.txt'
removed 'poetry-2.1.3.dist-info/WHEEL'
removed 'poetry-2.1.3.dist-info/METADATA'
removed 'poetry-2.1.3.dist-info/LICENSE'
removed directory 'poetry-2.1.3.dist-info/'
+ RPM_EC=0
++ jobs -p
+ exit 0
Wrote: /builddir/build/SRPMS/python-poetry-2.1.3-1.el9.buildreqs.nosrc.rpm
INFO: Going to install missing dynamic buildrequires
No matches found for the following disable plugin patterns: local, spacewalk, versionlock
Updating Subscription Management repositories.
Unable to read consumer identity

This system is not registered with an entitlement server. You can use subscription-manager to register.

/opt/greenbone-rpm/rpmbuilds/1.0.0/RPMS/                                                     [===                                                                                    ] ---  B/s |   0  B     --:-- ETA/opt/greenbone-rpm/rpmbuilds/1.0.0/RPMS/                                                                                                                                               2.9 MB/s | 3.0 kB     00:00    
Red Hat Enterprise Linux - BaseOS                                                            [===                                                                                    ] ---  B/s |   0  B     --:-- ETARed Hat Enterprise Linux - BaseOS                                                                                                                                                       18 kB/s | 4.1 kB     00:00    
Red Hat Enterprise Linux - AppStream                                                         [   ===                                                                                 ] ---  B/s |   0  B     --:-- ETARed Hat Enterprise Linux - AppStream                                                                                                                                                    19 kB/s | 4.5 kB     00:00    
Red Hat Enterprise Linux - CodeReady Linux Builder                                           [      ===                                                                              ] ---  B/s |   0  B     --:-- ETARed Hat Enterprise Linux - CodeReady Linux Builder                                                                                                                                      19 kB/s | 4.5 kB     00:00    
Extra Packages for Enterprise Linux 9 - x86_64                                               [         ===                                                                           ] ---  B/s |   0  B     --:-- ETAExtra Packages for Enterprise Linux 9 - x86_64                                                                                                                                         306 kB/s |  42 kB     00:00    
Package pyproject-rpm-macros-1.16.2-1.el9.noarch is already installed.
Package python3.11-devel-3.11.11-2.el9.x86_64 is already installed.
Package python3.11-devel-3.11.11-2.el9.x86_64 is already installed.
Package python3.11-packaging-25.0-1.el9.noarch is already installed.
Package python3.11-pip-22.3.1-5.el9.noarch is already installed.
Package python3.11-poetry-core-2.1.3-1.el9.noarch is already installed.
Package python3.11-poetry-core-2.1.3-1.el9.noarch is already installed.
Error: 
 Problem 1: nothing provides requested (python3.11dist(build) < 2~~ with python3.11dist(build) >= 1.2.1)
 Problem 2: nothing provides requested (python3.11dist(cachecontrol) < 0.15~~ with python3.11dist(cachecontrol) >= 0.14)
 Problem 3: nothing provides requested (python3.11dist(cachecontrol[filecache]) < 0.15~~ with python3.11dist(cachecontrol[filecache]) >= 0.14)
 Problem 4: nothing provides requested (python3.11dist(cleo) < 3~~ with python3.11dist(cleo) >= 2.1)
 Problem 5: nothing provides requested (python3.11dist(dulwich) < 0.23~~ with python3.11dist(dulwich) >= 0.22.6)
 Problem 6: nothing provides requested (python3.11dist(fastjsonschema) < 3~~ with python3.11dist(fastjsonschema) >= 2.18)
 Problem 7: nothing provides requested (python3.11dist(findpython) < 0.7~~ with python3.11dist(findpython) >= 0.6.2)
 Problem 8: nothing provides requested (python3.11dist(keyring) < 26~~ with python3.11dist(keyring) >= 25.1)
 Problem 9: nothing provides requested (python3.11dist(pbs-installer) < 2026~~ with python3.11dist(pbs-installer) >= 2025.1.6)
 Problem 10: nothing provides requested (python3.11dist(pbs-installer[download]) < 2026~~ with python3.11dist(pbs-installer[download]) >= 2025.1.6)
 Problem 11: nothing provides requested (python3.11dist(pbs-installer[install]) < 2026~~ with python3.11dist(pbs-installer[install]) >= 2025.1.6)
 Problem 12: nothing provides requested (python3.11dist(pkginfo) < 2~~ with python3.11dist(pkginfo) >= 1.12)
 Problem 13: nothing provides requested (python3.11dist(platformdirs) < 5~~ with python3.11dist(platformdirs) >= 3)
 Problem 14: nothing provides requested (python3.11dist(pyproject-hooks) < 2~~ with python3.11dist(pyproject-hooks) >= 1)
 Problem 15: nothing provides requested (python3.11dist(requests-toolbelt) < 2~~ with python3.11dist(requests-toolbelt) >= 1)
 Problem 16: nothing provides requested (python3.11dist(shellingham) < 2~~ with python3.11dist(shellingham) >= 1.5)
 Problem 17: nothing provides requested (python3.11dist(tomlkit) < 1~~ with python3.11dist(tomlkit) >= 0.11.4)
 Problem 18: nothing provides requested (python3.11dist(virtualenv) < 21~~ with python3.11dist(virtualenv) >= 20.26.6)
(try to add '--skip-broken' to skip uninstallable packages or '--nobest' to use not only best candidate packages)
Finish: rpmbuild python-poetry-2.1.3-1.el9.src.rpm
Finish: build phase for python-poetry-2.1.3-1.el9.src.rpm
ERROR: Exception(/opt/greenbone-rpm/rpmbuilds/1.0.0/SRPMS/python-poetry-2.1.3-1.el9.src.rpm) Config(rhel+epel-9-x86_64) 0 minutes 14 seconds
INFO: Results and/or logs in: /opt/greenbone-rpm/rpmbuilds/1.0.0/RPMS-TMP/
ERROR: Command failed: 
 # /usr/bin/systemd-nspawn -q -M 613153453ba247709f7a7bec5685de6b -D /var/lib/mock/rhel+epel-9-x86_64-bootstrap/root -a --capability=cap_ipc_lock --bind=/tmp/mock-resolv.mj7atx_g:/etc/resolv.conf --console=pipe --setenv=TERM=vt100 --setenv=SHELL=/bin/bash --setenv=HOME=/var/lib/mock/rhel+epel-9-x86_64/root/installation-homedir --setenv=HOSTNAME=mock --setenv=PATH=/usr/bin:/bin:/usr/sbin:/sbin '--setenv=PROMPT_COMMAND=printf "\033]0;<mock-chroot>\007"' '--setenv=PS1=<mock-chroot> \s-\v\$ ' --setenv=LANG=C.UTF-8 --setenv=LC_MESSAGES=C.UTF-8 --resolv-conf=off /usr/bin/dnf-3 builddep --installroot /var/lib/mock/rhel+epel-9-x86_64/root/ --releasever 9 --setopt=deltarpm=False --setopt=allow_vendor_change=yes --allowerasing --disableplugin=local --disableplugin=spacewalk --disableplugin=versionlock /var/lib/mock/rhel+epel-9-x86_64/root/builddir/build/SRPMS/python-poetry-2.1.3-1.el9.buildreqs.nosrc.rpm --setopt=tsflags=nocontexts
No matches found for the following disable plugin patterns: local, spacewalk, versionlock
Updating Subscription Management repositories.
Unable to read consumer identity

This system is not registered with an entitlement server. You can use subscription-manager to register.

/opt/greenbone-rpm/rpmbuilds/1.0.0/RPMS/                                                                                                                                               2.9 MB/s | 3.0 kB     00:00    
Red Hat Enterprise Linux - BaseOS                                                                                                                                                       18 kB/s | 4.1 kB     00:00    
Red Hat Enterprise Linux - AppStream                                                                                                                                                    19 kB/s | 4.5 kB     00:00    
Red Hat Enterprise Linux - CodeReady Linux Builder                                                                                                                                      19 kB/s | 4.5 kB     00:00    
Extra Packages for Enterprise Linux 9 - x86_64                                                                                                                                         306 kB/s |  42 kB     00:00    
Package pyproject-rpm-macros-1.16.2-1.el9.noarch is already installed.
Package python3.11-devel-3.11.11-2.el9.x86_64 is already installed.
Package python3.11-devel-3.11.11-2.el9.x86_64 is already installed.
Package python3.11-packaging-25.0-1.el9.noarch is already installed.
Package python3.11-pip-22.3.1-5.el9.noarch is already installed.
Package python3.11-poetry-core-2.1.3-1.el9.noarch is already installed.
Package python3.11-poetry-core-2.1.3-1.el9.noarch is already installed.
Error: 
 Problem 1: nothing provides requested (python3.11dist(build) < 2~~ with python3.11dist(build) >= 1.2.1)
 Problem 2: nothing provides requested (python3.11dist(cachecontrol) < 0.15~~ with python3.11dist(cachecontrol) >= 0.14)
 Problem 3: nothing provides requested (python3.11dist(cachecontrol[filecache]) < 0.15~~ with python3.11dist(cachecontrol[filecache]) >= 0.14)
 Problem 4: nothing provides requested (python3.11dist(cleo) < 3~~ with python3.11dist(cleo) >= 2.1)
 Problem 5: nothing provides requested (python3.11dist(dulwich) < 0.23~~ with python3.11dist(dulwich) >= 0.22.6)
 Problem 6: nothing provides requested (python3.11dist(fastjsonschema) < 3~~ with python3.11dist(fastjsonschema) >= 2.18)
 Problem 7: nothing provides requested (python3.11dist(findpython) < 0.7~~ with python3.11dist(findpython) >= 0.6.2)
 Problem 8: nothing provides requested (python3.11dist(keyring) < 26~~ with python3.11dist(keyring) >= 25.1)
 Problem 9: nothing provides requested (python3.11dist(pbs-installer) < 2026~~ with python3.11dist(pbs-installer) >= 2025.1.6)
 Problem 10: nothing provides requested (python3.11dist(pbs-installer[download]) < 2026~~ with python3.11dist(pbs-installer[download]) >= 2025.1.6)
 Problem 11: nothing provides requested (python3.11dist(pbs-installer[install]) < 2026~~ with python3.11dist(pbs-installer[install]) >= 2025.1.6)
 Problem 12: nothing provides requested (python3.11dist(pkginfo) < 2~~ with python3.11dist(pkginfo) >= 1.12)
 Problem 13: nothing provides requested (python3.11dist(platformdirs) < 5~~ with python3.11dist(platformdirs) >= 3)
 Problem 14: nothing provides requested (python3.11dist(pyproject-hooks) < 2~~ with python3.11dist(pyproject-hooks) >= 1)
 Problem 15: nothing provides requested (python3.11dist(requests-toolbelt) < 2~~ with python3.11dist(requests-toolbelt) >= 1)
 Problem 16: nothing provides requested (python3.11dist(shellingham) < 2~~ with python3.11dist(shellingham) >= 1.5)
 Problem 17: nothing provides requested (python3.11dist(tomlkit) < 1~~ with python3.11dist(tomlkit) >= 0.11.4)
 Problem 18: nothing provides requested (python3.11dist(virtualenv) < 21~~ with python3.11dist(virtualenv) >= 20.26.6)
(try to add '--skip-broken' to skip uninstallable packages or '--nobest' to use not only best candidate packages)

Directory walk started
Directory walk done - 6 packages
Temporary output repo path: /opt/greenbone-rpm/rpmbuilds/1.0.0/RPMS/.repodata/
Preparing sqlite DBs
Pool started (with 5 workers)
Pool finished
