INFO: mock.py version 5.5 starting (python version = 3.9.21, NVR = mock-5.5-1.el9), args: /usr/libexec/mock/mock -r epel-9-x86_64 --enable-network --addrepo /opt/greenbone-rpm/rpmbuilds/1.0.0/RPMS/ --resultdir /opt/greenbone-rpm/rpmbuilds/1.0.0/RPMS-TMP/ --no-clean /opt/greenbone-rpm/rpmbuilds/1.0.0/SRPMS/python-pdm-backend-2.4.4-1.el9.src.rpm --rpmbuild-opts=--nocheck --no-cleanup-after
Start(bootstrap): init plugins
INFO: selinux enabled
Finish(bootstrap): init plugins
Start: init plugins
INFO: selinux enabled
Finish: init plugins
INFO: Signal handler active
Start: run
INFO: Start(/opt/greenbone-rpm/rpmbuilds/1.0.0/SRPMS/python-pdm-backend-2.4.4-1.el9.src.rpm)  Config(rhel+epel-9-x86_64)
Mock Version: 5.5
INFO: Mock Version: 5.5
Start(bootstrap): chroot init
INFO: calling preinit hooks
INFO: enabled root cache
INFO: enabled package manager cache
Start(bootstrap): cleaning package manager metadata
Finish(bootstrap): cleaning package manager metadata
INFO: Package manager dnf detected and used (fallback)
Finish(bootstrap): chroot init
Start: chroot init
INFO: calling preinit hooks
INFO: enabled root cache
INFO: enabled package manager cache
Start: cleaning package manager metadata
Finish: cleaning package manager metadata
INFO: enabled HW Info plugin
INFO: Package manager dnf detected and used (direct choice)
INFO: Buildroot is handled by package management downloaded with a bootstrap image:
  rpm-4.16.1.3-37.el9.x86_64
  python3-dnf-4.14.0-25.el9.noarch
  python3-dnf-plugins-core-4.3.0-20.el9.noarch
  yum-4.14.0-25.el9.noarch
Finish: chroot init
Start: build phase for python-pdm-backend-2.4.4-1.el9.src.rpm
Start: build setup for python-pdm-backend-2.4.4-1.el9.src.rpm
Building target platforms: x86_64
Building for target x86_64
setting SOURCE_DATE_EPOCH=1750291200
Wrote: /builddir/build/SRPMS/python-pdm-backend-2.4.4-1.el9.src.rpm
No matches found for the following disable plugin patterns: local, spacewalk, versionlock
Updating Subscription Management repositories.
Unable to read consumer identity

This system is not registered with an entitlement server. You can use subscription-manager to register.

/opt/greenbone-rpm/rpmbuilds/1.0.0/RPMS/                                                     [===                                                                                    ] ---  B/s |   0  B     --:-- ETA/opt/greenbone-rpm/rpmbuilds/1.0.0/RPMS/                                                                                                                                               2.9 MB/s | 3.0 kB     00:00    
/opt/greenbone-rpm/rpmbuilds/1.0.0/RPMS/                                                     [===                                                                                    ] ---  B/s |   0  B     --:-- ETA/opt/greenbone-rpm/rpmbuilds/1.0.0/RPMS/                                                                                                                                               3.8 MB/s |  15 kB     00:00    
Red Hat Enterprise Linux - BaseOS                                                            [   ===                                                                                 ] ---  B/s |   0  B     --:-- ETARed Hat Enterprise Linux - BaseOS                                                       100% [=======================================================================================]  13 kB/s | 4.1 kB     00:00 ETARed Hat Enterprise Linux - BaseOS                                                                                                                                                       13 kB/s | 4.1 kB     00:00    
Red Hat Enterprise Linux - AppStream                                                         [      ===                                                                              ] ---  B/s |   0  B     --:-- ETARed Hat Enterprise Linux - AppStream                                                                                                                                                    19 kB/s | 4.5 kB     00:00    
Red Hat Enterprise Linux - CodeReady Linux Builder                                           [         ===                                                                           ] ---  B/s |   0  B     --:-- ETARed Hat Enterprise Linux - CodeReady Linux Builder                                                                                                                                      17 kB/s | 4.5 kB     00:00    
Extra Packages for Enterprise Linux 9 - x86_64                                               [            ===                                                                        ] ---  B/s |   0  B     --:-- ETAExtra Packages for Enterprise Linux 9 - x86_64                                                                                                                                         371 kB/s |  42 kB     00:00    
Package python3.11-devel-3.11.11-2.el9.x86_64 is already installed.
Dependencies resolved.
Nothing to do.
Complete!
Finish: build setup for python-pdm-backend-2.4.4-1.el9.src.rpm
Start: Outputting list of installed packages
Finish: Outputting list of installed packages
Start: rpmbuild python-pdm-backend-2.4.4-1.el9.src.rpm
Building target platforms: x86_64
Building for target x86_64
setting SOURCE_DATE_EPOCH=1750291200
Executing(%prep): /bin/sh -e /var/tmp/rpm-tmp.xzg28x
+ umask 022
+ cd /builddir/build/BUILD
+ cd /builddir/build/BUILD
+ rm -rf pdm_backend-2.4.4
+ /usr/bin/gzip -dc /builddir/build/SOURCES/pdm_backend-2.4.4.tar.gz
+ /usr/bin/tar -xof -
+ STATUS=0
+ '[' 0 -ne 0 ']'
+ cd pdm_backend-2.4.4
+ /usr/bin/chmod -Rf a+rX,u+w,g-w,o-w .
+ RPM_EC=0
++ jobs -p
+ exit 0
Executing(%generate_buildrequires): /bin/sh -e /var/tmp/rpm-tmp.XrgBSv
+ umask 022
+ cd /builddir/build/BUILD
+ cd pdm_backend-2.4.4
+ echo pyproject-rpm-macros
+ echo python3.11-devel
+ echo 'python3.11dist(packaging)'
+ echo 'python3.11dist(pip) >= 19'
+ '[' -f pyproject.toml ']'
+ true
+ rm -rfv '*.dist-info/'
+ '[' -f /usr/bin/python3.11 ']'
+ mkdir -p /builddir/build/BUILD/pdm_backend-2.4.4/.pyproject-builddir-3.11
+ echo -n
+ CFLAGS='-O2 -flto=auto -ffat-lto-objects -fexceptions -g -grecord-gcc-switches -pipe -Wall -Werror=format-security -Wp,-D_FORTIFY_SOURCE=2 -Wp,-D_GLIBCXX_ASSERTIONS -specs=/usr/lib/rpm/redhat/redhat-hardened-cc1 -fstack-protector-strong -specs=/usr/lib/rpm/redhat/redhat-annobin-cc1  -m64 -march=x86-64-v2 -mtune=generic -fasynchronous-unwind-tables -fstack-clash-protection -fcf-protection'
+ CXXFLAGS='-O2 -flto=auto -ffat-lto-objects -fexceptions -g -grecord-gcc-switches -pipe -Wall -Werror=format-security -Wp,-D_FORTIFY_SOURCE=2 -Wp,-D_GLIBCXX_ASSERTIONS -specs=/usr/lib/rpm/redhat/redhat-hardened-cc1 -fstack-protector-strong -specs=/usr/lib/rpm/redhat/redhat-annobin-cc1  -m64 -march=x86-64-v2 -mtune=generic -fasynchronous-unwind-tables -fstack-clash-protection -fcf-protection'
+ FFLAGS='-O2 -flto=auto -ffat-lto-objects -fexceptions -g -grecord-gcc-switches -pipe -Wall -Werror=format-security -Wp,-D_FORTIFY_SOURCE=2 -Wp,-D_GLIBCXX_ASSERTIONS -specs=/usr/lib/rpm/redhat/redhat-hardened-cc1 -fstack-protector-strong -specs=/usr/lib/rpm/redhat/redhat-annobin-cc1  -m64 -march=x86-64-v2 -mtune=generic -fasynchronous-unwind-tables -fstack-clash-protection -fcf-protection -I/usr/lib64/gfortran/modules'
+ FCFLAGS='-O2 -flto=auto -ffat-lto-objects -fexceptions -g -grecord-gcc-switches -pipe -Wall -Werror=format-security -Wp,-D_FORTIFY_SOURCE=2 -Wp,-D_GLIBCXX_ASSERTIONS -specs=/usr/lib/rpm/redhat/redhat-hardened-cc1 -fstack-protector-strong -specs=/usr/lib/rpm/redhat/redhat-annobin-cc1  -m64 -march=x86-64-v2 -mtune=generic -fasynchronous-unwind-tables -fstack-clash-protection -fcf-protection -I/usr/lib64/gfortran/modules'
+ LDFLAGS='-Wl,-z,relro -Wl,--as-needed  -Wl,-z,now -specs=/usr/lib/rpm/redhat/redhat-hardened-ld -specs=/usr/lib/rpm/redhat/redhat-annobin-cc1 '
+ LT_SYS_LIBRARY_PATH=/usr/lib64:
+ CC=gcc
+ CXX=g++
+ TMPDIR=/builddir/build/BUILD/pdm_backend-2.4.4/.pyproject-builddir-3.11
+ RPM_TOXENV=py311
+ HOSTNAME=rpmbuild
+ /usr/bin/python3.11 -Bs /usr/lib/rpm/redhat/pyproject_buildrequires.py --generate-extras --python3_pkgversion 3.11 --wheeldir /builddir/build/BUILD/pdm_backend-2.4.4/pyproject-wheeldir-3.11 --output /builddir/build/BUILD/python-pdm-backend-2.4.4-1.el9.x86_64-3.11-pyproject-buildrequires
Handling importlib-metadata>=3.6; python_version < "3.10" from get_requires_for_build_wheel
Ignoring alien requirement: importlib-metadata>=3.6; python_version < "3.10"
Handling importlib-metadata>=3.6; python_version < "3.10" from hook generated metadata: Requires-Dist (pdm-backend)
Ignoring alien requirement: importlib-metadata>=3.6; python_version < "3.10"
+ cat /builddir/build/BUILD/python-pdm-backend-2.4.4-1.el9.x86_64-3.11-pyproject-buildrequires
+ rm -rfv pdm_backend-2.4.4.dist-info/
removed 'pdm_backend-2.4.4.dist-info/entry_points.txt'
removed 'pdm_backend-2.4.4.dist-info/WHEEL'
removed 'pdm_backend-2.4.4.dist-info/METADATA'
removed 'pdm_backend-2.4.4.dist-info/licenses/LICENSE'
removed directory 'pdm_backend-2.4.4.dist-info/licenses'
removed directory 'pdm_backend-2.4.4.dist-info/'
+ RPM_EC=0
++ jobs -p
+ exit 0
Wrote: /builddir/build/SRPMS/python-pdm-backend-2.4.4-1.el9.buildreqs.nosrc.rpm
INFO: Going to install missing dynamic buildrequires
No matches found for the following disable plugin patterns: local, spacewalk, versionlock
Updating Subscription Management repositories.
Unable to read consumer identity

This system is not registered with an entitlement server. You can use subscription-manager to register.

/opt/greenbone-rpm/rpmbuilds/1.0.0/RPMS/                                                     [===                                                                                    ] ---  B/s |   0  B     --:-- ETA/opt/greenbone-rpm/rpmbuilds/1.0.0/RPMS/                                                                                                                                               2.9 MB/s | 3.0 kB     00:00    
Red Hat Enterprise Linux - BaseOS                                                            [===                                                                                    ] ---  B/s |   0  B     --:-- ETARed Hat Enterprise Linux - BaseOS                                                                                                                                                       17 kB/s | 4.1 kB     00:00    
Red Hat Enterprise Linux - AppStream                                                         [   ===                                                                                 ] ---  B/s |   0  B     --:-- ETARed Hat Enterprise Linux - AppStream                                                                                                                                                    19 kB/s | 4.5 kB     00:00    
Red Hat Enterprise Linux - CodeReady Linux Builder                                           [      ===                                                                              ] ---  B/s |   0  B     --:-- ETARed Hat Enterprise Linux - CodeReady Linux Builder                                                                                                                                      18 kB/s | 4.5 kB     00:00    
Extra Packages for Enterprise Linux 9 - x86_64                                               [         ===                                                                           ] ---  B/s |   0  B     --:-- ETAExtra Packages for Enterprise Linux 9 - x86_64                                                                                                                                         291 kB/s |  42 kB     00:00    
Package pyproject-rpm-macros-1.16.2-1.el9.noarch is already installed.
Package python3.11-devel-3.11.11-2.el9.x86_64 is already installed.
Package python3.11-devel-3.11.11-2.el9.x86_64 is already installed.
Package python3.11-packaging-25.0-1.el9.noarch is already installed.
Package python3.11-pip-22.3.1-5.el9.noarch is already installed.
Dependencies resolved.
Nothing to do.
Complete!
Building target platforms: x86_64
Building for target x86_64
setting SOURCE_DATE_EPOCH=1750291200
Executing(%generate_buildrequires): /bin/sh -e /var/tmp/rpm-tmp.ZQwitZ
+ umask 022
+ cd /builddir/build/BUILD
+ cd pdm_backend-2.4.4
+ echo pyproject-rpm-macros
+ echo python3.11-devel
+ echo 'python3.11dist(packaging)'
+ echo 'python3.11dist(pip) >= 19'
+ '[' -f pyproject.toml ']'
+ true
+ rm -rfv '*.dist-info/'
+ '[' -f /usr/bin/python3.11 ']'
+ mkdir -p /builddir/build/BUILD/pdm_backend-2.4.4/.pyproject-builddir-3.11
+ echo -n
+ CFLAGS='-O2 -flto=auto -ffat-lto-objects -fexceptions -g -grecord-gcc-switches -pipe -Wall -Werror=format-security -Wp,-D_FORTIFY_SOURCE=2 -Wp,-D_GLIBCXX_ASSERTIONS -specs=/usr/lib/rpm/redhat/redhat-hardened-cc1 -fstack-protector-strong -specs=/usr/lib/rpm/redhat/redhat-annobin-cc1  -m64 -march=x86-64-v2 -mtune=generic -fasynchronous-unwind-tables -fstack-clash-protection -fcf-protection'
+ CXXFLAGS='-O2 -flto=auto -ffat-lto-objects -fexceptions -g -grecord-gcc-switches -pipe -Wall -Werror=format-security -Wp,-D_FORTIFY_SOURCE=2 -Wp,-D_GLIBCXX_ASSERTIONS -specs=/usr/lib/rpm/redhat/redhat-hardened-cc1 -fstack-protector-strong -specs=/usr/lib/rpm/redhat/redhat-annobin-cc1  -m64 -march=x86-64-v2 -mtune=generic -fasynchronous-unwind-tables -fstack-clash-protection -fcf-protection'
+ FFLAGS='-O2 -flto=auto -ffat-lto-objects -fexceptions -g -grecord-gcc-switches -pipe -Wall -Werror=format-security -Wp,-D_FORTIFY_SOURCE=2 -Wp,-D_GLIBCXX_ASSERTIONS -specs=/usr/lib/rpm/redhat/redhat-hardened-cc1 -fstack-protector-strong -specs=/usr/lib/rpm/redhat/redhat-annobin-cc1  -m64 -march=x86-64-v2 -mtune=generic -fasynchronous-unwind-tables -fstack-clash-protection -fcf-protection -I/usr/lib64/gfortran/modules'
+ FCFLAGS='-O2 -flto=auto -ffat-lto-objects -fexceptions -g -grecord-gcc-switches -pipe -Wall -Werror=format-security -Wp,-D_FORTIFY_SOURCE=2 -Wp,-D_GLIBCXX_ASSERTIONS -specs=/usr/lib/rpm/redhat/redhat-hardened-cc1 -fstack-protector-strong -specs=/usr/lib/rpm/redhat/redhat-annobin-cc1  -m64 -march=x86-64-v2 -mtune=generic -fasynchronous-unwind-tables -fstack-clash-protection -fcf-protection -I/usr/lib64/gfortran/modules'
+ LDFLAGS='-Wl,-z,relro -Wl,--as-needed  -Wl,-z,now -specs=/usr/lib/rpm/redhat/redhat-hardened-ld -specs=/usr/lib/rpm/redhat/redhat-annobin-cc1 '
+ LT_SYS_LIBRARY_PATH=/usr/lib64:
+ CC=gcc
+ CXX=g++
+ TMPDIR=/builddir/build/BUILD/pdm_backend-2.4.4/.pyproject-builddir-3.11
+ RPM_TOXENV=py311
+ HOSTNAME=rpmbuild
+ /usr/bin/python3.11 -Bs /usr/lib/rpm/redhat/pyproject_buildrequires.py --generate-extras --python3_pkgversion 3.11 --wheeldir /builddir/build/BUILD/pdm_backend-2.4.4/pyproject-wheeldir-3.11 --output /builddir/build/BUILD/python-pdm-backend-2.4.4-1.el9.x86_64-3.11-pyproject-buildrequires
Handling importlib-metadata>=3.6; python_version < "3.10" from get_requires_for_build_wheel
Ignoring alien requirement: importlib-metadata>=3.6; python_version < "3.10"
Handling importlib-metadata>=3.6; python_version < "3.10" from hook generated metadata: Requires-Dist (pdm-backend)
Ignoring alien requirement: importlib-metadata>=3.6; python_version < "3.10"
+ cat /builddir/build/BUILD/python-pdm-backend-2.4.4-1.el9.x86_64-3.11-pyproject-buildrequires
+ rm -rfv pdm_backend-2.4.4.dist-info/
removed 'pdm_backend-2.4.4.dist-info/entry_points.txt'
removed 'pdm_backend-2.4.4.dist-info/WHEEL'
removed 'pdm_backend-2.4.4.dist-info/METADATA'
removed 'pdm_backend-2.4.4.dist-info/licenses/LICENSE'
removed directory 'pdm_backend-2.4.4.dist-info/licenses'
removed directory 'pdm_backend-2.4.4.dist-info/'
+ RPM_EC=0
++ jobs -p
+ exit 0
Executing(%build): /bin/sh -e /var/tmp/rpm-tmp.lEgyL4
+ umask 022
+ cd /builddir/build/BUILD
+ cd pdm_backend-2.4.4
+ mkdir -p /builddir/build/BUILD/pdm_backend-2.4.4/.pyproject-builddir-3.11
+ CFLAGS='-O2 -flto=auto -ffat-lto-objects -fexceptions -g -grecord-gcc-switches -pipe -Wall -Werror=format-security -Wp,-D_FORTIFY_SOURCE=2 -Wp,-D_GLIBCXX_ASSERTIONS -specs=/usr/lib/rpm/redhat/redhat-hardened-cc1 -fstack-protector-strong -specs=/usr/lib/rpm/redhat/redhat-annobin-cc1  -m64 -march=x86-64-v2 -mtune=generic -fasynchronous-unwind-tables -fstack-clash-protection -fcf-protection'
+ CXXFLAGS='-O2 -flto=auto -ffat-lto-objects -fexceptions -g -grecord-gcc-switches -pipe -Wall -Werror=format-security -Wp,-D_FORTIFY_SOURCE=2 -Wp,-D_GLIBCXX_ASSERTIONS -specs=/usr/lib/rpm/redhat/redhat-hardened-cc1 -fstack-protector-strong -specs=/usr/lib/rpm/redhat/redhat-annobin-cc1  -m64 -march=x86-64-v2 -mtune=generic -fasynchronous-unwind-tables -fstack-clash-protection -fcf-protection'
+ FFLAGS='-O2 -flto=auto -ffat-lto-objects -fexceptions -g -grecord-gcc-switches -pipe -Wall -Werror=format-security -Wp,-D_FORTIFY_SOURCE=2 -Wp,-D_GLIBCXX_ASSERTIONS -specs=/usr/lib/rpm/redhat/redhat-hardened-cc1 -fstack-protector-strong -specs=/usr/lib/rpm/redhat/redhat-annobin-cc1  -m64 -march=x86-64-v2 -mtune=generic -fasynchronous-unwind-tables -fstack-clash-protection -fcf-protection -I/usr/lib64/gfortran/modules'
+ FCFLAGS='-O2 -flto=auto -ffat-lto-objects -fexceptions -g -grecord-gcc-switches -pipe -Wall -Werror=format-security -Wp,-D_FORTIFY_SOURCE=2 -Wp,-D_GLIBCXX_ASSERTIONS -specs=/usr/lib/rpm/redhat/redhat-hardened-cc1 -fstack-protector-strong -specs=/usr/lib/rpm/redhat/redhat-annobin-cc1  -m64 -march=x86-64-v2 -mtune=generic -fasynchronous-unwind-tables -fstack-clash-protection -fcf-protection -I/usr/lib64/gfortran/modules'
+ LDFLAGS='-Wl,-z,relro -Wl,--as-needed  -Wl,-z,now -specs=/usr/lib/rpm/redhat/redhat-hardened-ld -specs=/usr/lib/rpm/redhat/redhat-annobin-cc1 '
+ LT_SYS_LIBRARY_PATH=/usr/lib64:
+ CC=gcc
+ CXX=g++
+ TMPDIR=/builddir/build/BUILD/pdm_backend-2.4.4/.pyproject-builddir-3.11
+ /usr/bin/python3.11 -Bs /usr/lib/rpm/redhat/pyproject_wheel.py /builddir/build/BUILD/pdm_backend-2.4.4/pyproject-wheeldir-3.11
Processing /builddir/build/BUILD/pdm_backend-2.4.4
  Preparing metadata (pyproject.toml): started
  Running command Preparing metadata (pyproject.toml)
  Preparing metadata (pyproject.toml): finished with status 'done'
Building wheels for collected packages: pdm-backend
  Building wheel for pdm-backend (pyproject.toml): started
  Running command Building wheel for pdm-backend (pyproject.toml)
   - Adding src/pdm/backend/__init__.py -> pdm/backend/__init__.py
   - Adding src/pdm/backend/_vendor/__init__.py -> pdm/backend/_vendor/__init__.py
   - Adding src/pdm/backend/_vendor/editables/LICENSE.txt -> pdm/backend/_vendor/editables/LICENSE.txt
   - Adding src/pdm/backend/_vendor/editables/__init__.py -> pdm/backend/_vendor/editables/__init__.py
   - Adding src/pdm/backend/_vendor/editables/py.typed -> pdm/backend/_vendor/editables/py.typed
   - Adding src/pdm/backend/_vendor/editables/redirector.py -> pdm/backend/_vendor/editables/redirector.py
   - Adding src/pdm/backend/_vendor/packaging/LICENSE -> pdm/backend/_vendor/packaging/LICENSE
   - Adding src/pdm/backend/_vendor/packaging/LICENSE.APACHE -> pdm/backend/_vendor/packaging/LICENSE.APACHE
   - Adding src/pdm/backend/_vendor/packaging/LICENSE.BSD -> pdm/backend/_vendor/packaging/LICENSE.BSD
   - Adding src/pdm/backend/_vendor/packaging/__init__.py -> pdm/backend/_vendor/packaging/__init__.py
   - Adding src/pdm/backend/_vendor/packaging/_elffile.py -> pdm/backend/_vendor/packaging/_elffile.py
   - Adding src/pdm/backend/_vendor/packaging/_manylinux.py -> pdm/backend/_vendor/packaging/_manylinux.py
   - Adding src/pdm/backend/_vendor/packaging/_musllinux.py -> pdm/backend/_vendor/packaging/_musllinux.py
   - Adding src/pdm/backend/_vendor/packaging/_parser.py -> pdm/backend/_vendor/packaging/_parser.py
   - Adding src/pdm/backend/_vendor/packaging/_structures.py -> pdm/backend/_vendor/packaging/_structures.py
   - Adding src/pdm/backend/_vendor/packaging/_tokenizer.py -> pdm/backend/_vendor/packaging/_tokenizer.py
   - Adding src/pdm/backend/_vendor/packaging/markers.py -> pdm/backend/_vendor/packaging/markers.py
   - Adding src/pdm/backend/_vendor/packaging/metadata.py -> pdm/backend/_vendor/packaging/metadata.py
   - Adding src/pdm/backend/_vendor/packaging/py.typed -> pdm/backend/_vendor/packaging/py.typed
   - Adding src/pdm/backend/_vendor/packaging/requirements.py -> pdm/backend/_vendor/packaging/requirements.py
   - Adding src/pdm/backend/_vendor/packaging/specifiers.py -> pdm/backend/_vendor/packaging/specifiers.py
   - Adding src/pdm/backend/_vendor/packaging/tags.py -> pdm/backend/_vendor/packaging/tags.py
   - Adding src/pdm/backend/_vendor/packaging/utils.py -> pdm/backend/_vendor/packaging/utils.py
   - Adding src/pdm/backend/_vendor/packaging/version.py -> pdm/backend/_vendor/packaging/version.py
   - Adding src/pdm/backend/_vendor/pyproject_metadata/LICENSE -> pdm/backend/_vendor/pyproject_metadata/LICENSE
   - Adding src/pdm/backend/_vendor/pyproject_metadata/__init__.py -> pdm/backend/_vendor/pyproject_metadata/__init__.py
   - Adding src/pdm/backend/_vendor/pyproject_metadata/constants.py -> pdm/backend/_vendor/pyproject_metadata/constants.py
   - Adding src/pdm/backend/_vendor/pyproject_metadata/errors.py -> pdm/backend/_vendor/pyproject_metadata/errors.py
   - Adding src/pdm/backend/_vendor/pyproject_metadata/project_table.py -> pdm/backend/_vendor/pyproject_metadata/project_table.py
   - Adding src/pdm/backend/_vendor/pyproject_metadata/py.typed -> pdm/backend/_vendor/pyproject_metadata/py.typed
   - Adding src/pdm/backend/_vendor/pyproject_metadata/pyproject.py -> pdm/backend/_vendor/pyproject_metadata/pyproject.py
   - Adding src/pdm/backend/_vendor/tomli/LICENSE -> pdm/backend/_vendor/tomli/LICENSE
   - Adding src/pdm/backend/_vendor/tomli/__init__.py -> pdm/backend/_vendor/tomli/__init__.py
   - Adding src/pdm/backend/_vendor/tomli/_parser.py -> pdm/backend/_vendor/tomli/_parser.py
   - Adding src/pdm/backend/_vendor/tomli/_re.py -> pdm/backend/_vendor/tomli/_re.py
   - Adding src/pdm/backend/_vendor/tomli/_types.py -> pdm/backend/_vendor/tomli/_types.py
   - Adding src/pdm/backend/_vendor/tomli/py.typed -> pdm/backend/_vendor/tomli/py.typed
   - Adding src/pdm/backend/_vendor/tomli_w/LICENSE -> pdm/backend/_vendor/tomli_w/LICENSE
   - Adding src/pdm/backend/_vendor/tomli_w/__init__.py -> pdm/backend/_vendor/tomli_w/__init__.py
   - Adding src/pdm/backend/_vendor/tomli_w/_writer.py -> pdm/backend/_vendor/tomli_w/_writer.py
   - Adding src/pdm/backend/_vendor/tomli_w/py.typed -> pdm/backend/_vendor/tomli_w/py.typed
   - Adding src/pdm/backend/_vendor/vendor.txt -> pdm/backend/_vendor/vendor.txt
   - Adding src/pdm/backend/base.py -> pdm/backend/base.py
   - Adding src/pdm/backend/config.py -> pdm/backend/config.py
   - Adding src/pdm/backend/editable.py -> pdm/backend/editable.py
   - Adding src/pdm/backend/exceptions.py -> pdm/backend/exceptions.py
   - Adding src/pdm/backend/hooks/__init__.py -> pdm/backend/hooks/__init__.py
   - Adding src/pdm/backend/hooks/base.py -> pdm/backend/hooks/base.py
   - Adding src/pdm/backend/hooks/setuptools.py -> pdm/backend/hooks/setuptools.py
   - Adding src/pdm/backend/hooks/version/__init__.py -> pdm/backend/hooks/version/__init__.py
   - Adding src/pdm/backend/hooks/version/scm.py -> pdm/backend/hooks/version/scm.py
   - Adding src/pdm/backend/intree.py -> pdm/backend/intree.py
   - Adding src/pdm/backend/py.typed -> pdm/backend/py.typed
   - Adding src/pdm/backend/sdist.py -> pdm/backend/sdist.py
   - Adding src/pdm/backend/structures.py -> pdm/backend/structures.py
   - Adding src/pdm/backend/utils.py -> pdm/backend/utils.py
   - Adding src/pdm/backend/wheel.py -> pdm/backend/wheel.py
   - Adding .pyproject-builddir-3.11/pip-modern-metadata-q6v3hznm/pdm_backend-2.4.4.dist-info/METADATA -> pdm_backend-2.4.4.dist-info/METADATA
   - Adding .pyproject-builddir-3.11/pip-modern-metadata-q6v3hznm/pdm_backend-2.4.4.dist-info/WHEEL -> pdm_backend-2.4.4.dist-info/WHEEL
   - Adding .pyproject-builddir-3.11/pip-modern-metadata-q6v3hznm/pdm_backend-2.4.4.dist-info/entry_points.txt -> pdm_backend-2.4.4.dist-info/entry_points.txt
   - Adding .pyproject-builddir-3.11/pip-modern-metadata-q6v3hznm/pdm_backend-2.4.4.dist-info/licenses/LICENSE -> pdm_backend-2.4.4.dist-info/licenses/LICENSE
   - Adding pdm_backend-2.4.4.dist-info/RECORD -> pdm_backend-2.4.4.dist-info/RECORD
  Building wheel for pdm-backend (pyproject.toml): finished with status 'done'
  Created wheel for pdm-backend: filename=pdm_backend-2.4.4-py3-none-any.whl size=115280 sha256=d0d43dda6a688b8a2eb43d9c8bc02cb97dd921e06eab9325d0063f213540a396
  Stored in directory: /builddir/.cache/pip/wheels/75/c7/b1/7196262c17de19e9494e6c5a50c2b5048cd75b04f7391b425c
Successfully built pdm-backend
+ RPM_EC=0
++ jobs -p
+ exit 0
Executing(%install): /bin/sh -e /var/tmp/rpm-tmp.hKwjVF
+ umask 022
+ cd /builddir/build/BUILD
+ '[' /builddir/build/BUILDROOT/python-pdm-backend-2.4.4-1.el9.x86_64 '!=' / ']'
+ rm -rf /builddir/build/BUILDROOT/python-pdm-backend-2.4.4-1.el9.x86_64
++ dirname /builddir/build/BUILDROOT/python-pdm-backend-2.4.4-1.el9.x86_64
+ mkdir -p /builddir/build/BUILDROOT
+ mkdir /builddir/build/BUILDROOT/python-pdm-backend-2.4.4-1.el9.x86_64
+ cd pdm_backend-2.4.4
++ ls /builddir/build/BUILD/pdm_backend-2.4.4/pyproject-wheeldir-3.11/pdm_backend-2.4.4-py3-none-any.whl
++ xargs basename --multiple
++ sed -E 's/([^-]+)-([^-]+)-.+\.whl/\1==\2/'
+ specifier=pdm_backend==2.4.4
+ '[' -z pdm_backend==2.4.4 ']'
+ TMPDIR=/builddir/build/BUILD/pdm_backend-2.4.4/.pyproject-builddir-3.11
+ /usr/bin/python3.11 -m pip install --root /builddir/build/BUILDROOT/python-pdm-backend-2.4.4-1.el9.x86_64 --prefix /usr --no-deps --disable-pip-version-check --progress-bar off --verbose --ignore-installed --no-warn-script-location --no-index --no-cache-dir --find-links /builddir/build/BUILD/pdm_backend-2.4.4/pyproject-wheeldir-3.11 pdm_backend==2.4.4
Using pip 22.3.1 from /usr/lib/python3.11/site-packages/pip (python 3.11)
Looking in links: /builddir/build/BUILD/pdm_backend-2.4.4/pyproject-wheeldir-3.11
Processing ./pyproject-wheeldir-3.11/pdm_backend-2.4.4-py3-none-any.whl
Installing collected packages: pdm_backend
Successfully installed pdm_backend-2.4.4
WARNING: Running pip as the 'root' user can result in broken permissions and conflicting behaviour with the system package manager. It is recommended to use a virtual environment instead: https://pip.pypa.io/warnings/venv
+ '[' -d /builddir/build/BUILDROOT/python-pdm-backend-2.4.4-1.el9.x86_64/usr/bin ']'
+ rm -f /builddir/build/BUILD/python-pdm-backend-2.4.4-1.el9.x86_64-3.11-pyproject-ghost-distinfo
+ site_dirs=()
+ '[' -d /builddir/build/BUILDROOT/python-pdm-backend-2.4.4-1.el9.x86_64/usr/lib/python3.11/site-packages ']'
+ site_dirs+=("/usr/lib/python3.11/site-packages")
+ '[' /builddir/build/BUILDROOT/python-pdm-backend-2.4.4-1.el9.x86_64/usr/lib64/python3.11/site-packages '!=' /builddir/build/BUILDROOT/python-pdm-backend-2.4.4-1.el9.x86_64/usr/lib/python3.11/site-packages ']'
+ '[' -d /builddir/build/BUILDROOT/python-pdm-backend-2.4.4-1.el9.x86_64/usr/lib64/python3.11/site-packages ']'
+ for site_dir in ${site_dirs[@]}
+ for distinfo in /builddir/build/BUILDROOT/python-pdm-backend-2.4.4-1.el9.x86_64$site_dir/*.dist-info
+ echo '%ghost /usr/lib/python3.11/site-packages/pdm_backend-2.4.4.dist-info'
+ sed -i s/pip/rpm/ /builddir/build/BUILDROOT/python-pdm-backend-2.4.4-1.el9.x86_64/usr/lib/python3.11/site-packages/pdm_backend-2.4.4.dist-info/INSTALLER
+ PYTHONPATH=/usr/lib/rpm/redhat
+ /usr/bin/python3.11 -B /usr/lib/rpm/redhat/pyproject_preprocess_record.py --buildroot /builddir/build/BUILDROOT/python-pdm-backend-2.4.4-1.el9.x86_64 --record /builddir/build/BUILDROOT/python-pdm-backend-2.4.4-1.el9.x86_64/usr/lib/python3.11/site-packages/pdm_backend-2.4.4.dist-info/RECORD --output /builddir/build/BUILD/python-pdm-backend-2.4.4-1.el9.x86_64-3.11-pyproject-record
+ rm -fv /builddir/build/BUILDROOT/python-pdm-backend-2.4.4-1.el9.x86_64/usr/lib/python3.11/site-packages/pdm_backend-2.4.4.dist-info/RECORD
removed '/builddir/build/BUILDROOT/python-pdm-backend-2.4.4-1.el9.x86_64/usr/lib/python3.11/site-packages/pdm_backend-2.4.4.dist-info/RECORD'
+ rm -fv /builddir/build/BUILDROOT/python-pdm-backend-2.4.4-1.el9.x86_64/usr/lib/python3.11/site-packages/pdm_backend-2.4.4.dist-info/REQUESTED
removed '/builddir/build/BUILDROOT/python-pdm-backend-2.4.4-1.el9.x86_64/usr/lib/python3.11/site-packages/pdm_backend-2.4.4.dist-info/REQUESTED'
++ wc -l /builddir/build/BUILD/python-pdm-backend-2.4.4-1.el9.x86_64-3.11-pyproject-ghost-distinfo
++ cut -f1 '-d '
+ lines=1
+ '[' 1 -ne 1 ']'
+ RPM_FILES_ESCAPE=4.18
+ /usr/bin/python3.11 /usr/lib/rpm/redhat/pyproject_save_files.py --output-files /builddir/build/BUILD/python-pdm-backend-2.4.4-1.el9.x86_64-3.11-pyproject-files --output-modules /builddir/build/BUILD/python-pdm-backend-2.4.4-1.el9.x86_64-3.11-pyproject-modules --buildroot /builddir/build/BUILDROOT/python-pdm-backend-2.4.4-1.el9.x86_64 --sitelib /usr/lib/python3.11/site-packages --sitearch /usr/lib64/python3.11/site-packages --python-version 3.11 --pyproject-record /builddir/build/BUILD/python-pdm-backend-2.4.4-1.el9.x86_64-3.11-pyproject-record --prefix /usr '*' +auto
+ /usr/bin/find-debuginfo -j4 --strict-build-id -m -i --build-id-seed 2.4.4-1.el9 --unique-debug-suffix -2.4.4-1.el9.x86_64 --unique-debug-src-base python-pdm-backend-2.4.4-1.el9.x86_64 --run-dwz --dwz-low-mem-die-limit 10000000 --dwz-max-die-limit 110000000 --remove-section .gnu.build.attributes -S debugsourcefiles.list /builddir/build/BUILD/pdm_backend-2.4.4
find: 'debug': No such file or directory
+ /usr/lib/rpm/check-buildroot
+ /usr/lib/rpm/redhat/brp-ldconfig
+ /usr/lib/rpm/brp-compress
+ /usr/lib/rpm/redhat/brp-strip-lto /usr/bin/strip
+ /usr/lib/rpm/brp-strip-static-archive /usr/bin/strip
+ /usr/lib/rpm/redhat/brp-python-bytecompile '' 1 0
Bytecompiling .py files below /builddir/build/BUILDROOT/python-pdm-backend-2.4.4-1.el9.x86_64/usr/lib/python3.11 using python3.11
+ /usr/lib/rpm/brp-python-hardlink
+ /usr/lib/rpm/redhat/brp-mangle-shebangs
Processing files: python3.11-pdm-backend-2.4.4-1.el9.noarch
Provides: python3.11-pdm-backend = 2.4.4-1.el9 python3.11dist(pdm-backend) = 2.4.4
Requires(rpmlib): rpmlib(CompressedFileNames) <= 3.0.4-1 rpmlib(FileDigests) <= 4.6.0-1 rpmlib(PartialHardlinkSets) <= 4.0.4-1 rpmlib(PayloadFilesHavePrefix) <= 4.0-1
Requires: python(abi) = 3.11
Checking for unpackaged file(s): /usr/lib/rpm/check-files /builddir/build/BUILDROOT/python-pdm-backend-2.4.4-1.el9.x86_64
Wrote: /builddir/build/SRPMS/python-pdm-backend-2.4.4-1.el9.src.rpm
Wrote: /builddir/build/RPMS/python3.11-pdm-backend-2.4.4-1.el9.noarch.rpm
Finish: rpmbuild python-pdm-backend-2.4.4-1.el9.src.rpm
Finish: build phase for python-pdm-backend-2.4.4-1.el9.src.rpm
INFO: Done(/opt/greenbone-rpm/rpmbuilds/1.0.0/SRPMS/python-pdm-backend-2.4.4-1.el9.src.rpm) Config(epel-9-x86_64) 0 minutes 19 seconds
INFO: Results and/or logs in: /opt/greenbone-rpm/rpmbuilds/1.0.0/RPMS-TMP/
Finish: run
Directory walk started
Directory walk done - 13 packages
Temporary output repo path: /opt/greenbone-rpm/rpmbuilds/1.0.0/RPMS/.repodata/
Preparing sqlite DBs
Pool started (with 5 workers)
Pool finished
