INFO: mock.py version 5.5 starting (python version = 3.9.21, NVR = mock-5.5-1.el9), args: /usr/libexec/mock/mock -r epel-9-x86_64 --enable-network --addrepo /opt/greenbone-rpm/rpmbuilds/1.0.0/RPMS/ --resultdir /opt/greenbone-rpm/rpmbuilds/1.0.0/RPMS-TMP/ --no-clean /opt/greenbone-rpm/rpmbuilds/1.0.0/SRPMS/python-pbs-installer-2025.6.12-1.el9.src.rpm --rpmbuild-opts=--nocheck --no-cleanup-after
Start(bootstrap): init plugins
INFO: selinux enabled
Finish(bootstrap): init plugins
Start: init plugins
INFO: selinux enabled
Finish: init plugins
INFO: Signal handler active
Start: run
INFO: Start(/opt/greenbone-rpm/rpmbuilds/1.0.0/SRPMS/python-pbs-installer-2025.6.12-1.el9.src.rpm)  Config(rhel+epel-9-x86_64)
Mock Version: 5.5
INFO: Mock Version: 5.5
Start(bootstrap): chroot init
INFO: calling preinit hooks
INFO: enabled root cache
INFO: enabled package manager cache
Start(bootstrap): cleaning package manager metadata
Finish(bootstrap): cleaning package manager metadata
INFO: Package manager dnf detected and used (fallback)
Finish(bootstrap): chroot init
Start: chroot init
INFO: calling preinit hooks
INFO: enabled root cache
INFO: enabled package manager cache
Start: cleaning package manager metadata
Finish: cleaning package manager metadata
INFO: enabled HW Info plugin
INFO: Package manager dnf detected and used (direct choice)
INFO: Buildroot is handled by package management downloaded with a bootstrap image:
  rpm-4.16.1.3-37.el9.x86_64
  python3-dnf-4.14.0-25.el9.noarch
  python3-dnf-plugins-core-4.3.0-20.el9.noarch
  yum-4.14.0-25.el9.noarch
Finish: chroot init
Start: build phase for python-pbs-installer-2025.6.12-1.el9.src.rpm
Start: build setup for python-pbs-installer-2025.6.12-1.el9.src.rpm
Building target platforms: x86_64
Building for target x86_64
setting SOURCE_DATE_EPOCH=1750291200
Wrote: /builddir/build/SRPMS/python-pbs-installer-2025.6.12-1.el9.src.rpm
No matches found for the following disable plugin patterns: local, spacewalk, versionlock
Updating Subscription Management repositories.
Unable to read consumer identity

This system is not registered with an entitlement server. You can use subscription-manager to register.

/opt/greenbone-rpm/rpmbuilds/1.0.0/RPMS/                                                     [===                                                                                    ] ---  B/s |   0  B     --:-- ETA/opt/greenbone-rpm/rpmbuilds/1.0.0/RPMS/                                                                                                                                               2.9 MB/s | 3.0 kB     00:00    
/opt/greenbone-rpm/rpmbuilds/1.0.0/RPMS/                                                     [===                                                                                    ] ---  B/s |   0  B     --:-- ETA/opt/greenbone-rpm/rpmbuilds/1.0.0/RPMS/                                                                                                                                               4.8 MB/s |  20 kB     00:00    
Red Hat Enterprise Linux - BaseOS                                                            [   ===                                                                                 ] ---  B/s |   0  B     --:-- ETARed Hat Enterprise Linux - BaseOS                                                                                                                                                       21 kB/s | 4.1 kB     00:00    
Red Hat Enterprise Linux - AppStream                                                         [      ===                                                                              ] ---  B/s |   0  B     --:-- ETARed Hat Enterprise Linux - AppStream                                                                                                                                                    24 kB/s | 4.5 kB     00:00    
Red Hat Enterprise Linux - CodeReady Linux Builder                                           [         ===                                                                           ] ---  B/s |   0  B     --:-- ETARed Hat Enterprise Linux - CodeReady Linux Builder                                                                                                                                      25 kB/s | 4.5 kB     00:00    
Extra Packages for Enterprise Linux 9 - x86_64                                               [            ===                                                                        ] ---  B/s |   0  B     --:-- ETAExtra Packages for Enterprise Linux 9 - x86_64                                                                                                                                         187 kB/s |  42 kB     00:00    
Package python3.11-devel-3.11.11-2.el9.x86_64 is already installed.
Dependencies resolved.
Nothing to do.
Complete!
Finish: build setup for python-pbs-installer-2025.6.12-1.el9.src.rpm
Start: Outputting list of installed packages
Finish: Outputting list of installed packages
Start: rpmbuild python-pbs-installer-2025.6.12-1.el9.src.rpm
