INFO: mock.py version 5.5 starting (python version = 3.9.21, NVR = mock-5.5-1.el9), args: /usr/libexec/mock/mock -r epel-9-x86_64 --enable-network --addrepo /opt/greenbone-rpm/rpmbuilds/1.0.0/RPMS/ --resultdir /opt/greenbone-rpm/rpmbuilds/1.0.0/RPMS-TMP/ --no-clean /opt/greenbone-rpm/rpmbuilds/1.0.0/SRPMS/python-pkginfo-1.12.1.2-1.el9.src.rpm --rpmbuild-opts=--nocheck --no-cleanup-after
Start(bootstrap): init plugins
INFO: selinux enabled
Finish(bootstrap): init plugins
Start: init plugins
INFO: selinux enabled
Finish: init plugins
INFO: Signal handler active
Start: run
INFO: Start(/opt/greenbone-rpm/rpmbuilds/1.0.0/SRPMS/python-pkginfo-1.12.1.2-1.el9.src.rpm)  Config(rhel+epel-9-x86_64)
Mock Version: 5.5
INFO: Mock Version: 5.5
Start(bootstrap): chroot init
INFO: calling preinit hooks
INFO: enabled root cache
INFO: enabled package manager cache
Start(bootstrap): cleaning package manager metadata
Finish(bootstrap): cleaning package manager metadata
INFO: Package manager dnf detected and used (fallback)
Finish(bootstrap): chroot init
Start: chroot init
INFO: calling preinit hooks
INFO: enabled root cache
INFO: enabled package manager cache
Start: cleaning package manager metadata
Finish: cleaning package manager metadata
INFO: enabled HW Info plugin
INFO: Package manager dnf detected and used (direct choice)
INFO: Buildroot is handled by package management downloaded with a bootstrap image:
  rpm-4.16.1.3-37.el9.x86_64
  python3-dnf-4.14.0-25.el9.noarch
  python3-dnf-plugins-core-4.3.0-20.el9.noarch
  yum-4.14.0-25.el9.noarch
Finish: chroot init
Start: build phase for python-pkginfo-1.12.1.2-1.el9.src.rpm
Start: build setup for python-pkginfo-1.12.1.2-1.el9.src.rpm
Building target platforms: x86_64
Building for target x86_64
setting SOURCE_DATE_EPOCH=1750291200
Wrote: /builddir/build/SRPMS/python-pkginfo-1.12.1.2-1.el9.src.rpm
No matches found for the following disable plugin patterns: local, spacewalk, versionlock
Updating Subscription Management repositories.
Unable to read consumer identity

This system is not registered with an entitlement server. You can use subscription-manager to register.

/opt/greenbone-rpm/rpmbuilds/1.0.0/RPMS/                                                     [===                                                                                    ] ---  B/s |   0  B     --:-- ETA/opt/greenbone-rpm/rpmbuilds/1.0.0/RPMS/                                                                                                                                               2.9 MB/s | 3.0 kB     00:00    
/opt/greenbone-rpm/rpmbuilds/1.0.0/RPMS/                                                     [===                                                                                    ] ---  B/s |   0  B     --:-- ETA/opt/greenbone-rpm/rpmbuilds/1.0.0/RPMS/                                                                                                                                               3.7 MB/s |  16 kB     00:00    
Red Hat Enterprise Linux - BaseOS                                                            [   ===                                                                                 ] ---  B/s |   0  B     --:-- ETARed Hat Enterprise Linux - BaseOS                                                                                                                                                       16 kB/s | 4.1 kB     00:00    
Red Hat Enterprise Linux - AppStream                                                         [      ===                                                                              ] ---  B/s |   0  B     --:-- ETARed Hat Enterprise Linux - AppStream                                                                                                                                                    20 kB/s | 4.5 kB     00:00    
Red Hat Enterprise Linux - CodeReady Linux Builder                                           [         ===                                                                           ] ---  B/s |   0  B     --:-- ETARed Hat Enterprise Linux - CodeReady Linux Builder                                                                                                                                      19 kB/s | 4.5 kB     00:00    
Extra Packages for Enterprise Linux 9 - x86_64                                               [            ===                                                                        ] ---  B/s |   0  B     --:-- ETAExtra Packages for Enterprise Linux 9 - x86_64                                                                                                                                         363 kB/s |  42 kB     00:00    
Package python3.11-devel-3.11.11-2.el9.x86_64 is already installed.
Dependencies resolved.
Nothing to do.
Complete!
Finish: build setup for python-pkginfo-1.12.1.2-1.el9.src.rpm
Start: Outputting list of installed packages
Finish: Outputting list of installed packages
Start: rpmbuild python-pkginfo-1.12.1.2-1.el9.src.rpm
Building target platforms: x86_64
Building for target x86_64
setting SOURCE_DATE_EPOCH=1750291200
Executing(%prep): /bin/sh -e /var/tmp/rpm-tmp.Aw1JJv
+ umask 022
+ cd /builddir/build/BUILD
+ cd /builddir/build/BUILD
+ rm -rf pkginfo-1.12.1.2
+ /usr/bin/gzip -dc /builddir/build/SOURCES/pkginfo-1.12.1.2.tar.gz
+ /usr/bin/tar -xof -
+ STATUS=0
+ '[' 0 -ne 0 ']'
+ cd pkginfo-1.12.1.2
+ /usr/bin/chmod -Rf a+rX,u+w,g-w,o-w .
+ RPM_EC=0
++ jobs -p
+ exit 0
Executing(%generate_buildrequires): /bin/sh -e /var/tmp/rpm-tmp.LepeiI
+ umask 022
+ cd /builddir/build/BUILD
+ cd pkginfo-1.12.1.2
+ echo pyproject-rpm-macros
+ echo python3.11-devel
+ echo 'python3.11dist(packaging)'
+ echo 'python3.11dist(pip) >= 19'
+ '[' -f pyproject.toml ']'
+ '[' -f setup.py ']'
+ echo 'python3.11dist(setuptools) >= 40.8'
+ rm -rfv '*.dist-info/'
+ '[' -f /usr/bin/python3.11 ']'
+ mkdir -p /builddir/build/BUILD/pkginfo-1.12.1.2/.pyproject-builddir-3.11
+ echo -n
+ CFLAGS='-O2 -flto=auto -ffat-lto-objects -fexceptions -g -grecord-gcc-switches -pipe -Wall -Werror=format-security -Wp,-D_FORTIFY_SOURCE=2 -Wp,-D_GLIBCXX_ASSERTIONS -specs=/usr/lib/rpm/redhat/redhat-hardened-cc1 -fstack-protector-strong -specs=/usr/lib/rpm/redhat/redhat-annobin-cc1  -m64 -march=x86-64-v2 -mtune=generic -fasynchronous-unwind-tables -fstack-clash-protection -fcf-protection'
+ CXXFLAGS='-O2 -flto=auto -ffat-lto-objects -fexceptions -g -grecord-gcc-switches -pipe -Wall -Werror=format-security -Wp,-D_FORTIFY_SOURCE=2 -Wp,-D_GLIBCXX_ASSERTIONS -specs=/usr/lib/rpm/redhat/redhat-hardened-cc1 -fstack-protector-strong -specs=/usr/lib/rpm/redhat/redhat-annobin-cc1  -m64 -march=x86-64-v2 -mtune=generic -fasynchronous-unwind-tables -fstack-clash-protection -fcf-protection'
+ FFLAGS='-O2 -flto=auto -ffat-lto-objects -fexceptions -g -grecord-gcc-switches -pipe -Wall -Werror=format-security -Wp,-D_FORTIFY_SOURCE=2 -Wp,-D_GLIBCXX_ASSERTIONS -specs=/usr/lib/rpm/redhat/redhat-hardened-cc1 -fstack-protector-strong -specs=/usr/lib/rpm/redhat/redhat-annobin-cc1  -m64 -march=x86-64-v2 -mtune=generic -fasynchronous-unwind-tables -fstack-clash-protection -fcf-protection -I/usr/lib64/gfortran/modules'
+ FCFLAGS='-O2 -flto=auto -ffat-lto-objects -fexceptions -g -grecord-gcc-switches -pipe -Wall -Werror=format-security -Wp,-D_FORTIFY_SOURCE=2 -Wp,-D_GLIBCXX_ASSERTIONS -specs=/usr/lib/rpm/redhat/redhat-hardened-cc1 -fstack-protector-strong -specs=/usr/lib/rpm/redhat/redhat-annobin-cc1  -m64 -march=x86-64-v2 -mtune=generic -fasynchronous-unwind-tables -fstack-clash-protection -fcf-protection -I/usr/lib64/gfortran/modules'
+ LDFLAGS='-Wl,-z,relro -Wl,--as-needed  -Wl,-z,now -specs=/usr/lib/rpm/redhat/redhat-hardened-ld -specs=/usr/lib/rpm/redhat/redhat-annobin-cc1 '
+ LT_SYS_LIBRARY_PATH=/usr/lib64:
+ CC=gcc
+ CXX=g++
+ TMPDIR=/builddir/build/BUILD/pkginfo-1.12.1.2/.pyproject-builddir-3.11
+ RPM_TOXENV=py311
+ HOSTNAME=rpmbuild
+ /usr/bin/python3.11 -Bs /usr/lib/rpm/redhat/pyproject_buildrequires.py --generate-extras --python3_pkgversion 3.11 --wheeldir /builddir/build/BUILD/pkginfo-1.12.1.2/pyproject-wheeldir-3.11 --output /builddir/build/BUILD/python-pkginfo-1.12.1.2-1.el9.x86_64-3.11-pyproject-buildrequires
Handling setuptools >= 40.8 from default build backend
Requirement satisfied: setuptools >= 40.8
   (installed: setuptools 80.9.0)
/usr/lib/python3.11/site-packages/setuptools/_distutils/dist.py:289: UserWarning: Unknown distribution option: 'test_suite'
  warnings.warn(msg)
/usr/lib/python3.11/site-packages/setuptools/dist.py:759: SetuptoolsDeprecationWarning: License classifiers are deprecated.
!!

        ********************************************************************************
        Please consider removing the following classifiers in favor of a SPDX license expression:

        License :: OSI Approved :: MIT License

        See https://packaging.python.org/en/latest/guides/writing-pyproject-toml/#license for details.
        ********************************************************************************

!!
  self._finalize_license_expression()
running egg_info
writing pkginfo.egg-info/PKG-INFO
writing dependency_links to pkginfo.egg-info/dependency_links.txt
writing entry points to pkginfo.egg-info/entry_points.txt
writing requirements to pkginfo.egg-info/requires.txt
writing top-level names to pkginfo.egg-info/top_level.txt
reading manifest file 'pkginfo.egg-info/SOURCES.txt'
reading manifest template 'MANIFEST.in'
no previously-included directories found matching '.tox'
adding license file 'LICENSE.txt'
writing manifest file 'pkginfo.egg-info/SOURCES.txt'
running dist_info
writing pkginfo.egg-info/PKG-INFO
writing dependency_links to pkginfo.egg-info/dependency_links.txt
writing entry points to pkginfo.egg-info/entry_points.txt
writing requirements to pkginfo.egg-info/requires.txt
writing top-level names to pkginfo.egg-info/top_level.txt
reading manifest file 'pkginfo.egg-info/SOURCES.txt'
reading manifest template 'MANIFEST.in'
no previously-included directories found matching '.tox'
adding license file 'LICENSE.txt'
writing manifest file 'pkginfo.egg-info/SOURCES.txt'
creating '/builddir/build/BUILD/pkginfo-1.12.1.2/pkginfo-1.12.1.2.dist-info'
Handling pytest; extra == "testing" from hook generated metadata: Requires-Dist (pkginfo)
Ignoring alien requirement: pytest; extra == "testing"
Handling pytest-cov; extra == "testing" from hook generated metadata: Requires-Dist (pkginfo)
Ignoring alien requirement: pytest-cov; extra == "testing"
Handling wheel; extra == "testing" from hook generated metadata: Requires-Dist (pkginfo)
Ignoring alien requirement: wheel; extra == "testing"
+ cat /builddir/build/BUILD/python-pkginfo-1.12.1.2-1.el9.x86_64-3.11-pyproject-buildrequires
+ rm -rfv pkginfo-1.12.1.2.dist-info/
removed 'pkginfo-1.12.1.2.dist-info/entry_points.txt'
removed 'pkginfo-1.12.1.2.dist-info/top_level.txt'
removed 'pkginfo-1.12.1.2.dist-info/METADATA'
removed 'pkginfo-1.12.1.2.dist-info/licenses/LICENSE.txt'
removed directory 'pkginfo-1.12.1.2.dist-info/licenses'
removed directory 'pkginfo-1.12.1.2.dist-info/'
+ RPM_EC=0
++ jobs -p
+ exit 0
Wrote: /builddir/build/SRPMS/python-pkginfo-1.12.1.2-1.el9.buildreqs.nosrc.rpm
INFO: Going to install missing dynamic buildrequires
No matches found for the following disable plugin patterns: local, spacewalk, versionlock
Updating Subscription Management repositories.
Unable to read consumer identity

This system is not registered with an entitlement server. You can use subscription-manager to register.

/opt/greenbone-rpm/rpmbuilds/1.0.0/RPMS/                                                     [===                                                                                    ] ---  B/s |   0  B     --:-- ETA/opt/greenbone-rpm/rpmbuilds/1.0.0/RPMS/                                                                                                                                               2.9 MB/s | 3.0 kB     00:00    
Red Hat Enterprise Linux - BaseOS                                                            [===                                                                                    ] ---  B/s |   0  B     --:-- ETARed Hat Enterprise Linux - BaseOS                                                                                                                                                       17 kB/s | 4.1 kB     00:00    
Red Hat Enterprise Linux - AppStream                                                         [   ===                                                                                 ] ---  B/s |   0  B     --:-- ETARed Hat Enterprise Linux - AppStream                                                                                                                                                    20 kB/s | 4.5 kB     00:00    
Red Hat Enterprise Linux - CodeReady Linux Builder                                           [      ===                                                                              ] ---  B/s |   0  B     --:-- ETARed Hat Enterprise Linux - CodeReady Linux Builder                                                                                                                                      18 kB/s | 4.5 kB     00:00    
Extra Packages for Enterprise Linux 9 - x86_64                                               [         ===                                                                           ] ---  B/s |   0  B     --:-- ETAExtra Packages for Enterprise Linux 9 - x86_64                                                                                                                                         343 kB/s |  42 kB     00:00    
Package pyproject-rpm-macros-1.16.2-1.el9.noarch is already installed.
Package python3.11-devel-3.11.11-2.el9.x86_64 is already installed.
Package python3.11-devel-3.11.11-2.el9.x86_64 is already installed.
Package python3.11-packaging-25.0-1.el9.noarch is already installed.
Package python3.11-pip-22.3.1-5.el9.noarch is already installed.
Package python3.11-setuptools-80.9.0-1.el9.noarch is already installed.
Dependencies resolved.
Nothing to do.
Complete!
Building target platforms: x86_64
Building for target x86_64
setting SOURCE_DATE_EPOCH=1750291200
Executing(%generate_buildrequires): /bin/sh -e /var/tmp/rpm-tmp.L0Ck6Q
+ umask 022
+ cd /builddir/build/BUILD
+ cd pkginfo-1.12.1.2
+ echo pyproject-rpm-macros
+ echo python3.11-devel
+ echo 'python3.11dist(packaging)'
+ echo 'python3.11dist(pip) >= 19'
+ '[' -f pyproject.toml ']'
+ '[' -f setup.py ']'
+ echo 'python3.11dist(setuptools) >= 40.8'
+ rm -rfv '*.dist-info/'
+ '[' -f /usr/bin/python3.11 ']'
+ mkdir -p /builddir/build/BUILD/pkginfo-1.12.1.2/.pyproject-builddir-3.11
+ echo -n
+ CFLAGS='-O2 -flto=auto -ffat-lto-objects -fexceptions -g -grecord-gcc-switches -pipe -Wall -Werror=format-security -Wp,-D_FORTIFY_SOURCE=2 -Wp,-D_GLIBCXX_ASSERTIONS -specs=/usr/lib/rpm/redhat/redhat-hardened-cc1 -fstack-protector-strong -specs=/usr/lib/rpm/redhat/redhat-annobin-cc1  -m64 -march=x86-64-v2 -mtune=generic -fasynchronous-unwind-tables -fstack-clash-protection -fcf-protection'
+ CXXFLAGS='-O2 -flto=auto -ffat-lto-objects -fexceptions -g -grecord-gcc-switches -pipe -Wall -Werror=format-security -Wp,-D_FORTIFY_SOURCE=2 -Wp,-D_GLIBCXX_ASSERTIONS -specs=/usr/lib/rpm/redhat/redhat-hardened-cc1 -fstack-protector-strong -specs=/usr/lib/rpm/redhat/redhat-annobin-cc1  -m64 -march=x86-64-v2 -mtune=generic -fasynchronous-unwind-tables -fstack-clash-protection -fcf-protection'
+ FFLAGS='-O2 -flto=auto -ffat-lto-objects -fexceptions -g -grecord-gcc-switches -pipe -Wall -Werror=format-security -Wp,-D_FORTIFY_SOURCE=2 -Wp,-D_GLIBCXX_ASSERTIONS -specs=/usr/lib/rpm/redhat/redhat-hardened-cc1 -fstack-protector-strong -specs=/usr/lib/rpm/redhat/redhat-annobin-cc1  -m64 -march=x86-64-v2 -mtune=generic -fasynchronous-unwind-tables -fstack-clash-protection -fcf-protection -I/usr/lib64/gfortran/modules'
+ FCFLAGS='-O2 -flto=auto -ffat-lto-objects -fexceptions -g -grecord-gcc-switches -pipe -Wall -Werror=format-security -Wp,-D_FORTIFY_SOURCE=2 -Wp,-D_GLIBCXX_ASSERTIONS -specs=/usr/lib/rpm/redhat/redhat-hardened-cc1 -fstack-protector-strong -specs=/usr/lib/rpm/redhat/redhat-annobin-cc1  -m64 -march=x86-64-v2 -mtune=generic -fasynchronous-unwind-tables -fstack-clash-protection -fcf-protection -I/usr/lib64/gfortran/modules'
+ LDFLAGS='-Wl,-z,relro -Wl,--as-needed  -Wl,-z,now -specs=/usr/lib/rpm/redhat/redhat-hardened-ld -specs=/usr/lib/rpm/redhat/redhat-annobin-cc1 '
+ LT_SYS_LIBRARY_PATH=/usr/lib64:
+ CC=gcc
+ CXX=g++
+ TMPDIR=/builddir/build/BUILD/pkginfo-1.12.1.2/.pyproject-builddir-3.11
+ RPM_TOXENV=py311
+ HOSTNAME=rpmbuild
+ /usr/bin/python3.11 -Bs /usr/lib/rpm/redhat/pyproject_buildrequires.py --generate-extras --python3_pkgversion 3.11 --wheeldir /builddir/build/BUILD/pkginfo-1.12.1.2/pyproject-wheeldir-3.11 --output /builddir/build/BUILD/python-pkginfo-1.12.1.2-1.el9.x86_64-3.11-pyproject-buildrequires
Handling setuptools >= 40.8 from default build backend
Requirement satisfied: setuptools >= 40.8
   (installed: setuptools 80.9.0)
/usr/lib/python3.11/site-packages/setuptools/_distutils/dist.py:289: UserWarning: Unknown distribution option: 'test_suite'
  warnings.warn(msg)
/usr/lib/python3.11/site-packages/setuptools/dist.py:759: SetuptoolsDeprecationWarning: License classifiers are deprecated.
!!

        ********************************************************************************
        Please consider removing the following classifiers in favor of a SPDX license expression:

        License :: OSI Approved :: MIT License

        See https://packaging.python.org/en/latest/guides/writing-pyproject-toml/#license for details.
        ********************************************************************************

!!
  self._finalize_license_expression()
running egg_info
writing pkginfo.egg-info/PKG-INFO
writing dependency_links to pkginfo.egg-info/dependency_links.txt
writing entry points to pkginfo.egg-info/entry_points.txt
writing requirements to pkginfo.egg-info/requires.txt
writing top-level names to pkginfo.egg-info/top_level.txt
reading manifest file 'pkginfo.egg-info/SOURCES.txt'
reading manifest template 'MANIFEST.in'
no previously-included directories found matching '.tox'
adding license file 'LICENSE.txt'
writing manifest file 'pkginfo.egg-info/SOURCES.txt'
running dist_info
writing pkginfo.egg-info/PKG-INFO
writing dependency_links to pkginfo.egg-info/dependency_links.txt
writing entry points to pkginfo.egg-info/entry_points.txt
writing requirements to pkginfo.egg-info/requires.txt
writing top-level names to pkginfo.egg-info/top_level.txt
reading manifest file 'pkginfo.egg-info/SOURCES.txt'
reading manifest template 'MANIFEST.in'
no previously-included directories found matching '.tox'
adding license file 'LICENSE.txt'
writing manifest file 'pkginfo.egg-info/SOURCES.txt'
creating '/builddir/build/BUILD/pkginfo-1.12.1.2/pkginfo-1.12.1.2.dist-info'
Handling pytest; extra == "testing" from hook generated metadata: Requires-Dist (pkginfo)
Ignoring alien requirement: pytest; extra == "testing"
Handling pytest-cov; extra == "testing" from hook generated metadata: Requires-Dist (pkginfo)
Ignoring alien requirement: pytest-cov; extra == "testing"
Handling wheel; extra == "testing" from hook generated metadata: Requires-Dist (pkginfo)
Ignoring alien requirement: wheel; extra == "testing"
+ cat /builddir/build/BUILD/python-pkginfo-1.12.1.2-1.el9.x86_64-3.11-pyproject-buildrequires
+ rm -rfv pkginfo-1.12.1.2.dist-info/
removed 'pkginfo-1.12.1.2.dist-info/entry_points.txt'
removed 'pkginfo-1.12.1.2.dist-info/top_level.txt'
removed 'pkginfo-1.12.1.2.dist-info/METADATA'
removed 'pkginfo-1.12.1.2.dist-info/licenses/LICENSE.txt'
removed directory 'pkginfo-1.12.1.2.dist-info/licenses'
removed directory 'pkginfo-1.12.1.2.dist-info/'
+ RPM_EC=0
++ jobs -p
+ exit 0
Executing(%build): /bin/sh -e /var/tmp/rpm-tmp.eKC810
+ umask 022
+ cd /builddir/build/BUILD
+ cd pkginfo-1.12.1.2
+ mkdir -p /builddir/build/BUILD/pkginfo-1.12.1.2/.pyproject-builddir-3.11
+ CFLAGS='-O2 -flto=auto -ffat-lto-objects -fexceptions -g -grecord-gcc-switches -pipe -Wall -Werror=format-security -Wp,-D_FORTIFY_SOURCE=2 -Wp,-D_GLIBCXX_ASSERTIONS -specs=/usr/lib/rpm/redhat/redhat-hardened-cc1 -fstack-protector-strong -specs=/usr/lib/rpm/redhat/redhat-annobin-cc1  -m64 -march=x86-64-v2 -mtune=generic -fasynchronous-unwind-tables -fstack-clash-protection -fcf-protection'
+ CXXFLAGS='-O2 -flto=auto -ffat-lto-objects -fexceptions -g -grecord-gcc-switches -pipe -Wall -Werror=format-security -Wp,-D_FORTIFY_SOURCE=2 -Wp,-D_GLIBCXX_ASSERTIONS -specs=/usr/lib/rpm/redhat/redhat-hardened-cc1 -fstack-protector-strong -specs=/usr/lib/rpm/redhat/redhat-annobin-cc1  -m64 -march=x86-64-v2 -mtune=generic -fasynchronous-unwind-tables -fstack-clash-protection -fcf-protection'
+ FFLAGS='-O2 -flto=auto -ffat-lto-objects -fexceptions -g -grecord-gcc-switches -pipe -Wall -Werror=format-security -Wp,-D_FORTIFY_SOURCE=2 -Wp,-D_GLIBCXX_ASSERTIONS -specs=/usr/lib/rpm/redhat/redhat-hardened-cc1 -fstack-protector-strong -specs=/usr/lib/rpm/redhat/redhat-annobin-cc1  -m64 -march=x86-64-v2 -mtune=generic -fasynchronous-unwind-tables -fstack-clash-protection -fcf-protection -I/usr/lib64/gfortran/modules'
+ FCFLAGS='-O2 -flto=auto -ffat-lto-objects -fexceptions -g -grecord-gcc-switches -pipe -Wall -Werror=format-security -Wp,-D_FORTIFY_SOURCE=2 -Wp,-D_GLIBCXX_ASSERTIONS -specs=/usr/lib/rpm/redhat/redhat-hardened-cc1 -fstack-protector-strong -specs=/usr/lib/rpm/redhat/redhat-annobin-cc1  -m64 -march=x86-64-v2 -mtune=generic -fasynchronous-unwind-tables -fstack-clash-protection -fcf-protection -I/usr/lib64/gfortran/modules'
+ LDFLAGS='-Wl,-z,relro -Wl,--as-needed  -Wl,-z,now -specs=/usr/lib/rpm/redhat/redhat-hardened-ld -specs=/usr/lib/rpm/redhat/redhat-annobin-cc1 '
+ LT_SYS_LIBRARY_PATH=/usr/lib64:
+ CC=gcc
+ CXX=g++
+ TMPDIR=/builddir/build/BUILD/pkginfo-1.12.1.2/.pyproject-builddir-3.11
+ /usr/bin/python3.11 -Bs /usr/lib/rpm/redhat/pyproject_wheel.py /builddir/build/BUILD/pkginfo-1.12.1.2/pyproject-wheeldir-3.11
Processing /builddir/build/BUILD/pkginfo-1.12.1.2
  Preparing metadata (pyproject.toml): started
  Running command Preparing metadata (pyproject.toml)
  /usr/lib/python3.11/site-packages/setuptools/_distutils/dist.py:289: UserWarning: Unknown distribution option: 'test_suite'
    warnings.warn(msg)
  /usr/lib/python3.11/site-packages/setuptools/dist.py:759: SetuptoolsDeprecationWarning: License classifiers are deprecated.
  !!

          ********************************************************************************
          Please consider removing the following classifiers in favor of a SPDX license expression:

          License :: OSI Approved :: MIT License

          See https://packaging.python.org/en/latest/guides/writing-pyproject-toml/#license for details.
          ********************************************************************************

  !!
    self._finalize_license_expression()
  running dist_info
  creating /builddir/build/BUILD/pkginfo-1.12.1.2/.pyproject-builddir-3.11/pip-modern-metadata-4hy62nnf/pkginfo.egg-info
  writing /builddir/build/BUILD/pkginfo-1.12.1.2/.pyproject-builddir-3.11/pip-modern-metadata-4hy62nnf/pkginfo.egg-info/PKG-INFO
  writing dependency_links to /builddir/build/BUILD/pkginfo-1.12.1.2/.pyproject-builddir-3.11/pip-modern-metadata-4hy62nnf/pkginfo.egg-info/dependency_links.txt
  writing entry points to /builddir/build/BUILD/pkginfo-1.12.1.2/.pyproject-builddir-3.11/pip-modern-metadata-4hy62nnf/pkginfo.egg-info/entry_points.txt
  writing requirements to /builddir/build/BUILD/pkginfo-1.12.1.2/.pyproject-builddir-3.11/pip-modern-metadata-4hy62nnf/pkginfo.egg-info/requires.txt
  writing top-level names to /builddir/build/BUILD/pkginfo-1.12.1.2/.pyproject-builddir-3.11/pip-modern-metadata-4hy62nnf/pkginfo.egg-info/top_level.txt
  writing manifest file '/builddir/build/BUILD/pkginfo-1.12.1.2/.pyproject-builddir-3.11/pip-modern-metadata-4hy62nnf/pkginfo.egg-info/SOURCES.txt'
  reading manifest file '/builddir/build/BUILD/pkginfo-1.12.1.2/.pyproject-builddir-3.11/pip-modern-metadata-4hy62nnf/pkginfo.egg-info/SOURCES.txt'
  reading manifest template 'MANIFEST.in'
  no previously-included directories found matching '.tox'
  adding license file 'LICENSE.txt'
  writing manifest file '/builddir/build/BUILD/pkginfo-1.12.1.2/.pyproject-builddir-3.11/pip-modern-metadata-4hy62nnf/pkginfo.egg-info/SOURCES.txt'
  creating '/builddir/build/BUILD/pkginfo-1.12.1.2/.pyproject-builddir-3.11/pip-modern-metadata-4hy62nnf/pkginfo-1.12.1.2.dist-info'
  Preparing metadata (pyproject.toml): finished with status 'done'
Building wheels for collected packages: pkginfo
  Building wheel for pkginfo (pyproject.toml): started
  Running command Building wheel for pkginfo (pyproject.toml)
  /usr/lib/python3.11/site-packages/setuptools/_distutils/dist.py:289: UserWarning: Unknown distribution option: 'test_suite'
    warnings.warn(msg)
  /usr/lib/python3.11/site-packages/setuptools/dist.py:759: SetuptoolsDeprecationWarning: License classifiers are deprecated.
  !!

          ********************************************************************************
          Please consider removing the following classifiers in favor of a SPDX license expression:

          License :: OSI Approved :: MIT License

          See https://packaging.python.org/en/latest/guides/writing-pyproject-toml/#license for details.
          ********************************************************************************

  !!
    self._finalize_license_expression()
  running bdist_wheel
  running build
  running build_py
  creating build/lib/pkginfo
  copying pkginfo/__init__.py -> build/lib/pkginfo
  copying pkginfo/bdist.py -> build/lib/pkginfo
  copying pkginfo/commandline.py -> build/lib/pkginfo
  copying pkginfo/develop.py -> build/lib/pkginfo
  copying pkginfo/distribution.py -> build/lib/pkginfo
  copying pkginfo/index.py -> build/lib/pkginfo
  copying pkginfo/installed.py -> build/lib/pkginfo
  copying pkginfo/sdist.py -> build/lib/pkginfo
  copying pkginfo/utils.py -> build/lib/pkginfo
  copying pkginfo/wheel.py -> build/lib/pkginfo
  creating build/lib/pkginfo/tests
  copying pkginfo/tests/__init__.py -> build/lib/pkginfo/tests
  copying pkginfo/tests/conftest.py -> build/lib/pkginfo/tests
  copying pkginfo/tests/test_bdist.py -> build/lib/pkginfo/tests
  copying pkginfo/tests/test_commandline.py -> build/lib/pkginfo/tests
  copying pkginfo/tests/test_develop.py -> build/lib/pkginfo/tests
  copying pkginfo/tests/test_distribution.py -> build/lib/pkginfo/tests
  copying pkginfo/tests/test_index.py -> build/lib/pkginfo/tests
  copying pkginfo/tests/test_installed.py -> build/lib/pkginfo/tests
  copying pkginfo/tests/test_sdist.py -> build/lib/pkginfo/tests
  copying pkginfo/tests/test_utils.py -> build/lib/pkginfo/tests
  copying pkginfo/tests/test_wheel.py -> build/lib/pkginfo/tests
  copying pkginfo/__init__.pyi -> build/lib/pkginfo
  copying pkginfo/bdist.pyi -> build/lib/pkginfo
  copying pkginfo/commandline.pyi -> build/lib/pkginfo
  copying pkginfo/develop.pyi -> build/lib/pkginfo
  copying pkginfo/distribution.pyi -> build/lib/pkginfo
  copying pkginfo/index.pyi -> build/lib/pkginfo
  copying pkginfo/installed.pyi -> build/lib/pkginfo
  copying pkginfo/sdist.pyi -> build/lib/pkginfo
  copying pkginfo/utils.pyi -> build/lib/pkginfo
  copying pkginfo/wheel.pyi -> build/lib/pkginfo
  copying pkginfo/py.typed -> build/lib/pkginfo
  installing to build/bdist.linux-x86_64/wheel
  running install
  running install_lib
  creating build/bdist.linux-x86_64/wheel
  creating build/bdist.linux-x86_64/wheel/pkginfo
  copying build/lib/pkginfo/__init__.py -> build/bdist.linux-x86_64/wheel/./pkginfo
  copying build/lib/pkginfo/bdist.py -> build/bdist.linux-x86_64/wheel/./pkginfo
  copying build/lib/pkginfo/commandline.py -> build/bdist.linux-x86_64/wheel/./pkginfo
  copying build/lib/pkginfo/develop.py -> build/bdist.linux-x86_64/wheel/./pkginfo
  copying build/lib/pkginfo/distribution.py -> build/bdist.linux-x86_64/wheel/./pkginfo
  copying build/lib/pkginfo/index.py -> build/bdist.linux-x86_64/wheel/./pkginfo
  copying build/lib/pkginfo/installed.py -> build/bdist.linux-x86_64/wheel/./pkginfo
  copying build/lib/pkginfo/sdist.py -> build/bdist.linux-x86_64/wheel/./pkginfo
  copying build/lib/pkginfo/utils.py -> build/bdist.linux-x86_64/wheel/./pkginfo
  copying build/lib/pkginfo/wheel.py -> build/bdist.linux-x86_64/wheel/./pkginfo
  creating build/bdist.linux-x86_64/wheel/pkginfo/tests
  copying build/lib/pkginfo/tests/__init__.py -> build/bdist.linux-x86_64/wheel/./pkginfo/tests
  copying build/lib/pkginfo/tests/conftest.py -> build/bdist.linux-x86_64/wheel/./pkginfo/tests
  copying build/lib/pkginfo/tests/test_bdist.py -> build/bdist.linux-x86_64/wheel/./pkginfo/tests
  copying build/lib/pkginfo/tests/test_commandline.py -> build/bdist.linux-x86_64/wheel/./pkginfo/tests
  copying build/lib/pkginfo/tests/test_develop.py -> build/bdist.linux-x86_64/wheel/./pkginfo/tests
  copying build/lib/pkginfo/tests/test_distribution.py -> build/bdist.linux-x86_64/wheel/./pkginfo/tests
  copying build/lib/pkginfo/tests/test_index.py -> build/bdist.linux-x86_64/wheel/./pkginfo/tests
  copying build/lib/pkginfo/tests/test_installed.py -> build/bdist.linux-x86_64/wheel/./pkginfo/tests
  copying build/lib/pkginfo/tests/test_sdist.py -> build/bdist.linux-x86_64/wheel/./pkginfo/tests
  copying build/lib/pkginfo/tests/test_utils.py -> build/bdist.linux-x86_64/wheel/./pkginfo/tests
  copying build/lib/pkginfo/tests/test_wheel.py -> build/bdist.linux-x86_64/wheel/./pkginfo/tests
  copying build/lib/pkginfo/__init__.pyi -> build/bdist.linux-x86_64/wheel/./pkginfo
  copying build/lib/pkginfo/bdist.pyi -> build/bdist.linux-x86_64/wheel/./pkginfo
  copying build/lib/pkginfo/commandline.pyi -> build/bdist.linux-x86_64/wheel/./pkginfo
  copying build/lib/pkginfo/develop.pyi -> build/bdist.linux-x86_64/wheel/./pkginfo
  copying build/lib/pkginfo/distribution.pyi -> build/bdist.linux-x86_64/wheel/./pkginfo
  copying build/lib/pkginfo/index.pyi -> build/bdist.linux-x86_64/wheel/./pkginfo
  copying build/lib/pkginfo/installed.pyi -> build/bdist.linux-x86_64/wheel/./pkginfo
  copying build/lib/pkginfo/sdist.pyi -> build/bdist.linux-x86_64/wheel/./pkginfo
  copying build/lib/pkginfo/utils.pyi -> build/bdist.linux-x86_64/wheel/./pkginfo
  copying build/lib/pkginfo/wheel.pyi -> build/bdist.linux-x86_64/wheel/./pkginfo
  copying build/lib/pkginfo/py.typed -> build/bdist.linux-x86_64/wheel/./pkginfo
  running install_egg_info
  running egg_info
  writing pkginfo.egg-info/PKG-INFO
  writing dependency_links to pkginfo.egg-info/dependency_links.txt
  writing entry points to pkginfo.egg-info/entry_points.txt
  writing requirements to pkginfo.egg-info/requires.txt
  writing top-level names to pkginfo.egg-info/top_level.txt
  reading manifest file 'pkginfo.egg-info/SOURCES.txt'
  reading manifest template 'MANIFEST.in'
  no previously-included directories found matching '.tox'
  adding license file 'LICENSE.txt'
  writing manifest file 'pkginfo.egg-info/SOURCES.txt'
  Copying pkginfo.egg-info to build/bdist.linux-x86_64/wheel/./pkginfo-1.12.1.2-py3.11.egg-info
  running install_scripts
  creating build/bdist.linux-x86_64/wheel/pkginfo-1.12.1.2.dist-info/WHEEL
  creating '/builddir/build/BUILD/pkginfo-1.12.1.2/.pyproject-builddir-3.11/pip-wheel-l73kgrha/.tmp-fk88aori/pkginfo-1.12.1.2-py3-none-any.whl' and adding 'build/bdist.linux-x86_64/wheel' to it
  adding 'pkginfo/__init__.py'
  adding 'pkginfo/__init__.pyi'
  adding 'pkginfo/bdist.py'
  adding 'pkginfo/bdist.pyi'
  adding 'pkginfo/commandline.py'
  adding 'pkginfo/commandline.pyi'
  adding 'pkginfo/develop.py'
  adding 'pkginfo/develop.pyi'
  adding 'pkginfo/distribution.py'
  adding 'pkginfo/distribution.pyi'
  adding 'pkginfo/index.py'
  adding 'pkginfo/index.pyi'
  adding 'pkginfo/installed.py'
  adding 'pkginfo/installed.pyi'
  adding 'pkginfo/py.typed'
  adding 'pkginfo/sdist.py'
  adding 'pkginfo/sdist.pyi'
  adding 'pkginfo/utils.py'
  adding 'pkginfo/utils.pyi'
  adding 'pkginfo/wheel.py'
  adding 'pkginfo/wheel.pyi'
  adding 'pkginfo/tests/__init__.py'
  adding 'pkginfo/tests/conftest.py'
  adding 'pkginfo/tests/test_bdist.py'
  adding 'pkginfo/tests/test_commandline.py'
  adding 'pkginfo/tests/test_develop.py'
  adding 'pkginfo/tests/test_distribution.py'
  adding 'pkginfo/tests/test_index.py'
  adding 'pkginfo/tests/test_installed.py'
  adding 'pkginfo/tests/test_sdist.py'
  adding 'pkginfo/tests/test_utils.py'
  adding 'pkginfo/tests/test_wheel.py'
  adding 'pkginfo-1.12.1.2.dist-info/licenses/LICENSE.txt'
  adding 'pkginfo-1.12.1.2.dist-info/METADATA'
  adding 'pkginfo-1.12.1.2.dist-info/WHEEL'
  adding 'pkginfo-1.12.1.2.dist-info/entry_points.txt'
  adding 'pkginfo-1.12.1.2.dist-info/top_level.txt'
  adding 'pkginfo-1.12.1.2.dist-info/RECORD'
  removing build/bdist.linux-x86_64/wheel
  Building wheel for pkginfo (pyproject.toml): finished with status 'done'
  Created wheel for pkginfo: filename=pkginfo-1.12.1.2-py3-none-any.whl size=32751 sha256=bd49f69dd82d9114d9efdd0ba36d9aa891d55d74da5a0b923f9a642507c190c0
  Stored in directory: /builddir/.cache/pip/wheels/3d/b5/ea/a677d756a41751dabbfbd0ebd097df05180999c1f3fe049435
Successfully built pkginfo
+ RPM_EC=0
++ jobs -p
+ exit 0
Executing(%install): /bin/sh -e /var/tmp/rpm-tmp.gpM39k
+ umask 022
+ cd /builddir/build/BUILD
+ '[' /builddir/build/BUILDROOT/python-pkginfo-1.12.1.2-1.el9.x86_64 '!=' / ']'
+ rm -rf /builddir/build/BUILDROOT/python-pkginfo-1.12.1.2-1.el9.x86_64
++ dirname /builddir/build/BUILDROOT/python-pkginfo-1.12.1.2-1.el9.x86_64
+ mkdir -p /builddir/build/BUILDROOT
+ mkdir /builddir/build/BUILDROOT/python-pkginfo-1.12.1.2-1.el9.x86_64
+ cd pkginfo-1.12.1.2
++ xargs basename --multiple
++ sed -E 's/([^-]+)-([^-]+)-.+\.whl/\1==\2/'
++ ls /builddir/build/BUILD/pkginfo-1.12.1.2/pyproject-wheeldir-3.11/pkginfo-1.12.1.2-py3-none-any.whl
+ specifier=pkginfo==1.12.1.2
+ '[' -z pkginfo==1.12.1.2 ']'
+ TMPDIR=/builddir/build/BUILD/pkginfo-1.12.1.2/.pyproject-builddir-3.11
+ /usr/bin/python3.11 -m pip install --root /builddir/build/BUILDROOT/python-pkginfo-1.12.1.2-1.el9.x86_64 --prefix /usr --no-deps --disable-pip-version-check --progress-bar off --verbose --ignore-installed --no-warn-script-location --no-index --no-cache-dir --find-links /builddir/build/BUILD/pkginfo-1.12.1.2/pyproject-wheeldir-3.11 pkginfo==1.12.1.2
Using pip 22.3.1 from /usr/lib/python3.11/site-packages/pip (python 3.11)
Looking in links: /builddir/build/BUILD/pkginfo-1.12.1.2/pyproject-wheeldir-3.11
Processing ./pyproject-wheeldir-3.11/pkginfo-1.12.1.2-py3-none-any.whl
Installing collected packages: pkginfo
  Creating /builddir/build/BUILDROOT/python-pkginfo-1.12.1.2-1.el9.x86_64/usr/bin
  changing mode of /builddir/build/BUILDROOT/python-pkginfo-1.12.1.2-1.el9.x86_64/usr/bin/pkginfo to 755
Successfully installed pkginfo-1.12.1.2
WARNING: Running pip as the 'root' user can result in broken permissions and conflicting behaviour with the system package manager. It is recommended to use a virtual environment instead: https://pip.pypa.io/warnings/venv
+ '[' -d /builddir/build/BUILDROOT/python-pkginfo-1.12.1.2-1.el9.x86_64/usr/bin ']'
+ '[' -z sP ']'
+ shebang_flags=-kasP
+ /usr/bin/python3.11 -B /usr/lib/rpm/redhat/pathfix.py -pni /usr/bin/python3.11 -kasP /builddir/build/BUILDROOT/python-pkginfo-1.12.1.2-1.el9.x86_64/usr/bin/pkginfo
/builddir/build/BUILDROOT/python-pkginfo-1.12.1.2-1.el9.x86_64/usr/bin/pkginfo: updating
+ rm -rfv /builddir/build/BUILDROOT/python-pkginfo-1.12.1.2-1.el9.x86_64/usr/bin/__pycache__
+ rm -f /builddir/build/BUILD/python-pkginfo-1.12.1.2-1.el9.x86_64-3.11-pyproject-ghost-distinfo
+ site_dirs=()
+ '[' -d /builddir/build/BUILDROOT/python-pkginfo-1.12.1.2-1.el9.x86_64/usr/lib/python3.11/site-packages ']'
+ site_dirs+=("/usr/lib/python3.11/site-packages")
+ '[' /builddir/build/BUILDROOT/python-pkginfo-1.12.1.2-1.el9.x86_64/usr/lib64/python3.11/site-packages '!=' /builddir/build/BUILDROOT/python-pkginfo-1.12.1.2-1.el9.x86_64/usr/lib/python3.11/site-packages ']'
+ '[' -d /builddir/build/BUILDROOT/python-pkginfo-1.12.1.2-1.el9.x86_64/usr/lib64/python3.11/site-packages ']'
+ for site_dir in ${site_dirs[@]}
+ for distinfo in /builddir/build/BUILDROOT/python-pkginfo-1.12.1.2-1.el9.x86_64$site_dir/*.dist-info
+ echo '%ghost /usr/lib/python3.11/site-packages/pkginfo-1.12.1.2.dist-info'
+ sed -i s/pip/rpm/ /builddir/build/BUILDROOT/python-pkginfo-1.12.1.2-1.el9.x86_64/usr/lib/python3.11/site-packages/pkginfo-1.12.1.2.dist-info/INSTALLER
+ PYTHONPATH=/usr/lib/rpm/redhat
+ /usr/bin/python3.11 -B /usr/lib/rpm/redhat/pyproject_preprocess_record.py --buildroot /builddir/build/BUILDROOT/python-pkginfo-1.12.1.2-1.el9.x86_64 --record /builddir/build/BUILDROOT/python-pkginfo-1.12.1.2-1.el9.x86_64/usr/lib/python3.11/site-packages/pkginfo-1.12.1.2.dist-info/RECORD --output /builddir/build/BUILD/python-pkginfo-1.12.1.2-1.el9.x86_64-3.11-pyproject-record
+ rm -fv /builddir/build/BUILDROOT/python-pkginfo-1.12.1.2-1.el9.x86_64/usr/lib/python3.11/site-packages/pkginfo-1.12.1.2.dist-info/RECORD
removed '/builddir/build/BUILDROOT/python-pkginfo-1.12.1.2-1.el9.x86_64/usr/lib/python3.11/site-packages/pkginfo-1.12.1.2.dist-info/RECORD'
+ rm -fv /builddir/build/BUILDROOT/python-pkginfo-1.12.1.2-1.el9.x86_64/usr/lib/python3.11/site-packages/pkginfo-1.12.1.2.dist-info/REQUESTED
removed '/builddir/build/BUILDROOT/python-pkginfo-1.12.1.2-1.el9.x86_64/usr/lib/python3.11/site-packages/pkginfo-1.12.1.2.dist-info/REQUESTED'
++ wc -l /builddir/build/BUILD/python-pkginfo-1.12.1.2-1.el9.x86_64-3.11-pyproject-ghost-distinfo
++ cut -f1 '-d '
+ lines=1
+ '[' 1 -ne 1 ']'
+ RPM_FILES_ESCAPE=4.18
+ /usr/bin/python3.11 /usr/lib/rpm/redhat/pyproject_save_files.py --output-files /builddir/build/BUILD/python-pkginfo-1.12.1.2-1.el9.x86_64-3.11-pyproject-files --output-modules /builddir/build/BUILD/python-pkginfo-1.12.1.2-1.el9.x86_64-3.11-pyproject-modules --buildroot /builddir/build/BUILDROOT/python-pkginfo-1.12.1.2-1.el9.x86_64 --sitelib /usr/lib/python3.11/site-packages --sitearch /usr/lib64/python3.11/site-packages --python-version 3.11 --pyproject-record /builddir/build/BUILD/python-pkginfo-1.12.1.2-1.el9.x86_64-3.11-pyproject-record --prefix /usr '*' +auto
+ /usr/bin/find-debuginfo -j4 --strict-build-id -m -i --build-id-seed 1.12.1.2-1.el9 --unique-debug-suffix -1.12.1.2-1.el9.x86_64 --unique-debug-src-base python-pkginfo-1.12.1.2-1.el9.x86_64 --run-dwz --dwz-low-mem-die-limit 10000000 --dwz-max-die-limit 110000000 --remove-section .gnu.build.attributes -S debugsourcefiles.list /builddir/build/BUILD/pkginfo-1.12.1.2
find: 'debug': No such file or directory
+ /usr/lib/rpm/check-buildroot
+ /usr/lib/rpm/redhat/brp-ldconfig
+ /usr/lib/rpm/brp-compress
+ /usr/lib/rpm/redhat/brp-strip-lto /usr/bin/strip
+ /usr/lib/rpm/brp-strip-static-archive /usr/bin/strip
+ /usr/lib/rpm/redhat/brp-python-bytecompile '' 1 0
Bytecompiling .py files below /builddir/build/BUILDROOT/python-pkginfo-1.12.1.2-1.el9.x86_64/usr/lib/python3.11 using python3.11
+ /usr/lib/rpm/brp-python-hardlink
+ /usr/lib/rpm/redhat/brp-mangle-shebangs
Processing files: python3.11-pkginfo-1.12.1.2-1.el9.noarch
Provides: python3.11-pkginfo = 1.12.1.2-1.el9 python3.11dist(pkginfo) = 1.12.1.2
Requires(rpmlib): rpmlib(CompressedFileNames) <= 3.0.4-1 rpmlib(FileDigests) <= 4.6.0-1 rpmlib(PartialHardlinkSets) <= 4.0.4-1 rpmlib(PayloadFilesHavePrefix) <= 4.0-1
Requires: /usr/bin/python3.11 python(abi) = 3.11
Checking for unpackaged file(s): /usr/lib/rpm/check-files /builddir/build/BUILDROOT/python-pkginfo-1.12.1.2-1.el9.x86_64
Wrote: /builddir/build/SRPMS/python-pkginfo-1.12.1.2-1.el9.src.rpm
Wrote: /builddir/build/RPMS/python3.11-pkginfo-1.12.1.2-1.el9.noarch.rpm
Finish: rpmbuild python-pkginfo-1.12.1.2-1.el9.src.rpm
Finish: build phase for python-pkginfo-1.12.1.2-1.el9.src.rpm
INFO: Done(/opt/greenbone-rpm/rpmbuilds/1.0.0/SRPMS/python-pkginfo-1.12.1.2-1.el9.src.rpm) Config(epel-9-x86_64) 0 minutes 18 seconds
INFO: Results and/or logs in: /opt/greenbone-rpm/rpmbuilds/1.0.0/RPMS-TMP/
Finish: run
Directory walk started
Directory walk done - 14 packages
Temporary output repo path: /opt/greenbone-rpm/rpmbuilds/1.0.0/RPMS/.repodata/
Preparing sqlite DBs
Pool started (with 5 workers)
Pool finished
